L251 LINKER/LOCATER V4.66.93.0                                                          07/17/2024  17:50:13  PAGE 1


L251 LINKER/LOCATER V4.66.93.0, INVOKED BY:
D:\KEIL_V5\C251\BIN\L251.EXE .\Objects\main.obj, .\Objects\STC32G_GPIO.obj, .\Objects\STC32G_Delay.obj, .\Objects\STC32G
>> _UART.obj, .\Objects\STC32G_UART_Isr.obj, .\Objects\STC32G_NVIC.obj, .\Objects\STC32G_ADC.obj, .\Objects\STC32G_PWM.o
>> bj TO .\Objects\electronic-bamboo-flute PRINT (.\Listings\electronic-bamboo-flute.map) CASE REMOVEUNUSED CLASSES (EDA
>> TA (0X0-0XFFF), HDATA (0X0-0XFFF))


CPU MODE:     251 SOURCE MODE
INTR FRAME:   2 BYTES SAVED ON INTERRUPT
MEMORY MODEL: XSMALL


INPUT MODULES INCLUDED:
  .\Objects\main.obj (main)
         COMMENT TYPE 0: C251 V5.60.0
  .\Objects\STC32G_GPIO.obj (STC32G_GPIO)
         COMMENT TYPE 0: C251 V5.60.0
  .\Objects\STC32G_Delay.obj (STC32G_Delay)
         COMMENT TYPE 0: C251 V5.60.0
  .\Objects\STC32G_UART.obj (STC32G_UART)
         COMMENT TYPE 0: C251 V5.60.0
  .\Objects\STC32G_UART_Isr.obj (STC32G_UART_Isr)
         COMMENT TYPE 0: C251 V5.60.0
  .\Objects\STC32G_NVIC.obj (STC32G_NVIC)
         COMMENT TYPE 0: C251 V5.60.0
  .\Objects\STC32G_ADC.obj (STC32G_ADC)
         COMMENT TYPE 0: C251 V5.60.0
  .\Objects\STC32G_PWM.obj (STC32G_PWM)
         COMMENT TYPE 0: C251 V5.60.0
  D:\KEIL_V5\C251\LIB\C2SXS.LIB (?C_START)
         COMMENT TYPE 0: A251 V4.69.6.0
  D:\KEIL_V5\C251\LIB\C2SXS.LIB (?C?ULDIV)
         COMMENT TYPE 0: A251 V4.69.6.0
  D:\KEIL_V5\C251\LIB\C2SXS.LIB (PRINTF)
         COMMENT TYPE 0: A251 V4.69.6.0
  D:\KEIL_V5\C251\LIB\C2SXS.LIB (?C?PRNFMT)
         COMMENT TYPE 0: A251 V4.69.6.0


ACTIVE MEMORY CLASSES OF MODULE:  .\Objects\electronic-bamboo-flute (main)

BASE        START       END         USED      MEMORY CLASS
==========================================================
000000H     000000H     000FFFH     00044CH   EDATA
000000H     000000H     000FFFH               HDATA
000000H     FF0000H     FFFFFFH     000024H   HCONST
FF0000H     FF0000H     FFFFFFH     0010A1H   CODE
000020H.0   000020H.0   00002FH.7   000000H.6 BIT
FF0000H     FF0000H     FFFFFFH     000004H   CONST
000000H     000000H     00007FH     000008H   DATA


MEMORY MAP OF MODULE:  .\Objects\electronic-bamboo-flute (main)


START     STOP      LENGTH    ALIGN  RELOC    MEMORY CLASS   SEGMENT NAME
=========================================================================
000000H   000007H   000008H   ---    AT..     DATA           "REG BANK 0"
000008H   000017H   000010H   BYTE   UNIT     EDATA          ?ED?MAIN
000018H.0 00001FH.7 000008H.0 ---    ---      **GAP**
000020H.0 000020H.3 000000H.4 BIT    UNIT     BIT            ?BI?MAIN
000020H.4 000020H.5 000000H.2 BIT    UNIT     BIT            ?BI?STC32G_UART_ISR
000020H.6 000020H   000000H.2 ---    ---      **GAP**
000021H   000334H   000314H   BYTE   UNIT     EDATA          ?ED?STC32G_UART
000335H   00035CH   000028H   BYTE   UNIT     EDATA          _EDATA_GROUP_
00035DH   00045CH   000100H   BYTE   UNIT     EDATA          ?STACK
L251 LINKER/LOCATER V4.66.93.0                                                        07/17/2024  17:50:13  PAGE 2


00045DH   FEFFFFH   FEFBA3H   ---    ---      **GAP**
FF0000H   FF0002H   000003H   ---    OFFS..   CODE           ?CO?start251?4
FF0003H   FF0019H   000017H   BYTE   INSEG    CODE           ?PR?DELAY_MS?STC32G_DELAY
FF001AH   FF001DH   000004H   BYTE   UNIT     CONST          ?CO?PRINTF
FF001EH   FF0022H   000005H   ---    ---      **GAP**
FF0023H   FF0025H   000003H   ---    OFFS..   CODE           ?PR?IV?4
FF0026H   FF0038H   000013H   BYTE   UNIT     CODE           ?C_C51STARTUP
FF0039H   FF003BH   000003H   BYTE   UNIT     CODE           ?C_C51STARTUP?3
FF003CH   FF0042H   000007H   ---    ---      **GAP**
FF0043H   FF0045H   000003H   ---    OFFS..   CODE           ?PR?IV?8
FF0046H   FF007CH   000037H   BYTE   INSEG    CODE           ?PR?MAIN?MAIN
FF007DH   FF0089H   00000DH   BYTE   INSEG    CODE           ?PR?GPIO_CONFIG?MAIN
FF008AH   FF008AH   000001H   ---    ---      **GAP**
FF008BH   FF008DH   000003H   ---    OFFS..   CODE           ?PR?IV?17
FF008EH   FF0092H   000005H   ---    ---      **GAP**
FF0093H   FF0095H   000003H   ---    OFFS..   CODE           ?PR?IV?18
FF0096H   FF06AFH   00061AH   BYTE   INSEG    CODE           ?PR?PWM_CONFIGURATION?STC32G_PWM
FF06B0H   FF0A02H   000353H   BYTE   UNIT     CODE           ?C?LIB_CODE
FF0A03H   FF0D42H   000340H   BYTE   INSEG    CODE           ?PR?UART_CONFIGURATION?STC32G_UART
FF0D43H   FF0E2FH   0000EDH   BYTE   INSEG    CODE           ?PR?PWM_CONFIG?MAIN
FF0E30H   FF0EC5H   000096H   BYTE   INSEG    CODE           ?PR?NVIC_PWM_INIT?STC32G_NVIC
FF0EC6H   FF0F2EH   000069H   BYTE   INSEG    CODE           ?PR?UART2_ISR_HANDLER?STC32G_UART_ISR
FF0F2FH   FF0F93H   000065H   BYTE   INSEG    CODE           ?PR?UART1_ISR_HANDLER?STC32G_UART_ISR
FF0F94H   FF0FDBH   000048H   BYTE   INSEG    CODE           ?PR?UART3_ISR_HANDLER?STC32G_UART_ISR
FF0FDCH   FF1023H   000048H   BYTE   INSEG    CODE           ?PR?UART4_ISR_HANDLER?STC32G_UART_ISR
FF1024H   FF106BH   000048H   BYTE   INSEG    CODE           ?PR?NVIC_UART1_INIT?STC32G_NVIC
FF106CH   FF109AH   00002FH   BYTE   INSEG    CODE           ?PR?UART_CONFIG?MAIN
FF109BH   FF10AAH   000010H   BYTE   INSEG    CODE           ?PR?TX1_WRITE2BUFF?STC32G_UART
FF10ABH   FF10B6H   00000CH   BYTE   INSEG    CODE           ?PR?PUTCHAR?STC32G_UART
FF10B7H   FF10DAH   000024H   BYTE   UNIT     HCONST         ?HC?MAIN

* * * * * * * * *   R E M O V E D     S E G M E N T S   * * * * * * * *
   *DEL*:           000256H   BYTE   INSEG    CODE           ?PR?GPIO_INILIZE?STC32G_GPIO
   *DEL*:           000016H   BYTE   INSEG    CODE           ?PR?PRINTSTRING1?STC32G_UART
   *DEL*:           000016H   BYTE   INSEG    CODE           ?PR?PRINTSTRING2?STC32G_UART
   *DEL*:           000016H   BYTE   INSEG    CODE           ?PR?PRINTSTRING3?STC32G_UART
   *DEL*:           000016H   BYTE   INSEG    CODE           ?PR?PRINTSTRING4?STC32G_UART
   *DEL*:           000010H   BYTE   INSEG    CODE           ?PR?TX2_WRITE2BUFF?STC32G_UART
   *DEL*:           000010H   BYTE   INSEG    CODE           ?PR?TX3_WRITE2BUFF?STC32G_UART
   *DEL*:           000010H   BYTE   INSEG    CODE           ?PR?TX4_WRITE2BUFF?STC32G_UART
   *DEL*:           00004CH   BYTE   INSEG    CODE           ?PR?NVIC_DMA_ADC_INIT?STC32G_NVIC
   *DEL*:           00004CH   BYTE   INSEG    CODE           ?PR?NVIC_DMA_M2M_INIT?STC32G_NVIC
   *DEL*:           00004CH   BYTE   INSEG    CODE           ?PR?NVIC_DMA_LCM_INIT?STC32G_NVIC
   *DEL*:           000048H   BYTE   INSEG    CODE           ?PR?NVIC_INT0_INIT?STC32G_NVIC
   *DEL*:           000048H   BYTE   INSEG    CODE           ?PR?NVIC_INT1_INIT?STC32G_NVIC
   *DEL*:           00001AH   BYTE   INSEG    CODE           ?PR?NVIC_INT2_INIT?STC32G_NVIC
   *DEL*:           00001AH   BYTE   INSEG    CODE           ?PR?NVIC_INT3_INIT?STC32G_NVIC
   *DEL*:           00004CH   BYTE   INSEG    CODE           ?PR?NVIC_DMA_SPI_INIT?STC32G_NVIC
   *DEL*:           00001AH   BYTE   INSEG    CODE           ?PR?NVIC_INT4_INIT?STC32G_NVIC
   *DEL*:           000048H   BYTE   INSEG    CODE           ?PR?NVIC_TIMER0_INIT?STC32G_NVIC
   *DEL*:           000048H   BYTE   INSEG    CODE           ?PR?NVIC_TIMER1_INIT?STC32G_NVIC
   *DEL*:           00001AH   BYTE   INSEG    CODE           ?PR?NVIC_TIMER2_INIT?STC32G_NVIC
   *DEL*:           00001AH   BYTE   INSEG    CODE           ?PR?NVIC_TIMER3_INIT?STC32G_NVIC
   *DEL*:           00001AH   BYTE   INSEG    CODE           ?PR?NVIC_TIMER4_INIT?STC32G_NVIC
   *DEL*:           000082H   BYTE   INSEG    CODE           ?PR?NVIC_I2C_INIT?STC32G_NVIC
   *DEL*:           00004CH   BYTE   INSEG    CODE           ?PR?NVIC_DMA_I2CR_INIT?STC32G_NVIC
   *DEL*:           00004CH   BYTE   INSEG    CODE           ?PR?NVIC_DMA_I2CT_INIT?STC32G_NVIC
   *DEL*:           000048H   BYTE   INSEG    CODE           ?PR?NVIC_ADC_INIT?STC32G_NVIC
   *DEL*:           00004CH   BYTE   INSEG    CODE           ?PR?NVIC_DMA_UART1_RX_INIT?STC32G_NVIC
   *DEL*:           00004CH   BYTE   INSEG    CODE           ?PR?NVIC_DMA_UART2_RX_INIT?STC32G_NVIC
   *DEL*:           00004CH   BYTE   INSEG    CODE           ?PR?NVIC_DMA_UART3_RX_INIT?STC32G_NVIC
   *DEL*:           00004CH   BYTE   INSEG    CODE           ?PR?NVIC_DMA_UART1_TX_INIT?STC32G_NVIC
   *DEL*:           00004CH   BYTE   INSEG    CODE           ?PR?NVIC_DMA_UART4_RX_INIT?STC32G_NVIC
   *DEL*:           00004CH   BYTE   INSEG    CODE           ?PR?NVIC_DMA_UART2_TX_INIT?STC32G_NVIC
   *DEL*:           00004CH   BYTE   INSEG    CODE           ?PR?NVIC_DMA_UART3_TX_INIT?STC32G_NVIC
L251 LINKER/LOCATER V4.66.93.0                                                        07/17/2024  17:50:13  PAGE 3


   *DEL*:           00008BH   BYTE   INSEG    CODE           ?PR?NVIC_CAN_INIT?STC32G_NVIC
   *DEL*:           00004CH   BYTE   INSEG    CODE           ?PR?NVIC_DMA_UART4_TX_INIT?STC32G_NVIC
   *DEL*:           00003CH   BYTE   INSEG    CODE           ?PR?NVIC_LCM_INIT?STC32G_NVIC
   *DEL*:           000053H   BYTE   INSEG    CODE           ?PR?NVIC_CMP_INIT?STC32G_NVIC
   *DEL*:           00004EH   BYTE   INSEG    CODE           ?PR?NVIC_LIN_INIT?STC32G_NVIC
   *DEL*:           000046H   BYTE   INSEG    CODE           ?PR?NVIC_RTC_INIT?STC32G_NVIC
   *DEL*:           00004EH   BYTE   INSEG    CODE           ?PR?NVIC_SPI_INIT?STC32G_NVIC
   *DEL*:           00004EH   BYTE   INSEG    CODE           ?PR?NVIC_UART2_INIT?STC32G_NVIC
   *DEL*:           00004EH   BYTE   INSEG    CODE           ?PR?NVIC_UART3_INIT?STC32G_NVIC
   *DEL*:           00004EH   BYTE   INSEG    CODE           ?PR?NVIC_UART4_INIT?STC32G_NVIC
   *DEL*:           00005DH   BYTE   INSEG    CODE           ?PR?ADC_INILIZE?STC32G_ADC
   *DEL*:           00000EH   BYTE   INSEG    CODE           ?PR?ADC_POWERCONTROL?STC32G_ADC
   *DEL*:           00005FH   BYTE   INSEG    CODE           ?PR?GET_ADCRESULT?STC32G_ADC
   *DEL*:           00017BH   BYTE   INSEG    CODE           ?PR?UPDATEPWM?STC32G_PWM
   *DEL*:           000031H   BYTE   INSEG    CODE           ?PR?READPWMA?STC32G_PWM
   *DEL*:           000031H   BYTE   INSEG    CODE           ?PR?READPWMB?STC32G_PWM
   *DEL*:           000174H   BYTE   INSEG    CODE           ?PR?UPDATEHSPWM?STC32G_PWM
   *DEL*:           000025H   BYTE   INSEG    CODE           ?PR?WRITEPWMA?STC32G_PWM
   *DEL*:           000025H   BYTE   INSEG    CODE           ?PR?WRITEPWMB?STC32G_PWM
   *DEL*:           000424H   BYTE   INSEG    CODE           ?PR?HSPWM_CONFIGURATION?STC32G_PWM
   *DEL*:           000007H   BYTE   UNIT     EDATA          ?ED?HSPWM_CONFIGURATION?STC32G_PWM



OVERLAY MAP OF MODULE:   .\Objects\electronic-bamboo-flute (main)


FUNCTION/MODULE                         EDATA_GROUP
--> CALLED FUNCTION/MODULE              START  STOP
===================================================
UART1_ISR_Handler/STC32G_UART_Isr       ----- -----

*** NEW ROOT **************************

UART2_ISR_Handler/STC32G_UART_Isr       ----- -----

*** NEW ROOT **************************

UART3_ISR_Handler/STC32G_UART_Isr       ----- -----

*** NEW ROOT **************************

UART4_ISR_Handler/STC32G_UART_Isr       ----- -----

*** NEW ROOT **************************

?C_C51STARTUP                           ----- -----

*** NEW ROOT **************************

?C_C51STARTUP?3                         ----- -----
  +--> main/main

main/main                               ----- -----
  +--> GPIO_config/main
  +--> UART_config/main
  +--> PWM_config/main
  +--> PRINTF/PRINTF
  +--> delay_ms/STC32G_Delay

GPIO_config/main                        ----- -----

UART_config/main                        0335H 033DH
  +--> UART_Configuration/STC32G_UART
  +--> NVIC_UART1_Init/STC32G_NVIC
L251 LINKER/LOCATER V4.66.93.0                                                        07/17/2024  17:50:13  PAGE 4



UART_Configuration/STC32G_UART          ----- -----
  +--> ?C?ULIDIV/?C?ULDIV

?C?ULIDIV/?C?ULDIV                      ----- -----

NVIC_UART1_Init/STC32G_NVIC             ----- -----

PWM_config/main                         0335H 033DH
  +--> PWM_Configuration/STC32G_PWM
  +--> NVIC_PWM_Init/STC32G_NVIC

PWM_Configuration/STC32G_PWM            ----- -----

NVIC_PWM_Init/STC32G_NVIC               ----- -----

PRINTF/PRINTF                           0335H 035CH
  +--> OUT/PRINTF

OUT/PRINTF                              ----- -----
  +--> PUTCH/PRINTF

PUTCH/PRINTF                            ----- -----
  +--> putchar/STC32G_UART
  +--> OUT/PRINTF

putchar/STC32G_UART                     ----- -----
  +--> TX1_write2buff/STC32G_UART

TX1_write2buff/STC32G_UART              ----- -----

delay_ms/STC32G_Delay                   ----- -----



PUBLIC SYMBOLS OF MODULE:  .\Objects\electronic-bamboo-flute (main)


      VALUE       CLASS    TYPE      PUBLIC SYMBOL NAME
      =================================================
      000000FFH   NUMBER   ---       ?C?CODESEG
      00FF075CH   CODE     ---       ?C?PRNFMT
      00FF0000H   CODE     ---       ?C?STARTUP
      00FF06B2H   CODE     NEAR LAB  ?C?ULDIV
      00FF06B0H   CODE     NEAR LAB  ?C?ULIDIV
      00000001H   NUMBER   ---       ?C?XDATASEG
      00FF0000H   CODE     ---       ?C_STARTUP
      0000035DH   EDATA    ---       ?printf?BYTE
*SFR* 000000BCH   DATA     BYTE      ADC_CONTR
*SFR* 000000BCH.5 DATA     BIT       ADC_FLAG
*DEL*:00000000H   CODE     ---       ADC_Inilize
*SFR* 000000BCH.7 DATA     BIT       ADC_POWER
*DEL*:00000000H   CODE     ---       ADC_PowerControl
*SFR* 000000BDH   DATA     BYTE      ADC_RES
*SFR* 000000BEH   DATA     BYTE      ADC_RESL
*SFR* 000000BCH.6 DATA     BIT       ADC_START
*SFR* 000000DEH   DATA     BYTE      ADCCFG
*SFR* 000000EFH   DATA     BYTE      AUXINTIF
*SFR* 0000008EH   DATA     BYTE      AUXR
*SFR* 00000097H   DATA     BYTE      AUXR2
      00000020H.4 BIT      BIT       B_ULinRX1_Flag
      00000020H.5 BIT      BIT       B_ULinRX2_Flag
*SFR* 000000F1H.5 DATA     BIT       CAN2IE
*SFR* 000000F1H   DATA     BYTE      CANICR
*SFR* 000000F1H.1 DATA     BIT       CANIE
L251 LINKER/LOCATER V4.66.93.0                                                        07/17/2024  17:50:13  PAGE 5


*SFR* 000000EAH   DATA     BYTE      CKCON
*SFR* 000000E6H   DATA     BYTE      CMPCR1
*SFR* 000000E7H   DATA     BYTE      CMPCR2
      00000021H   EDATA    ---       COM1
      00000026H   EDATA    ---       COM2
      0000002BH   EDATA    ---       COM3
      00000030H   EDATA    ---       COM4
      00FF0003H   CODE     ---       delay_ms
*SFR* 000000A8H.7 DATA     BIT       EA
*SFR* 000000A8H.5 DATA     BIT       EADC
*SFR* 000000BAH.7 DATA     BIT       EAXFR
*SFR* 000000A8H.4 DATA     BIT       ES
*SFR* 000000AFH.0 DATA     BIT       ES2
*SFR* 000000AFH.3 DATA     BIT       ES3
*SFR* 000000AFH.4 DATA     BIT       ES4
*SFR* 000000AFH.1 DATA     BIT       ESPI
*SFR* 000000A8H.1 DATA     BIT       ET0
*SFR* 000000A8H.3 DATA     BIT       ET1
*SFR* 000000AFH.2 DATA     BIT       ET2
*SFR* 000000AFH.5 DATA     BIT       ET3
*SFR* 000000AFH.6 DATA     BIT       ET4
*SFR* 000000A8H.0 DATA     BIT       EX0
*SFR* 000000A8H.2 DATA     BIT       EX1
*SFR* 0000008FH.4 DATA     BIT       EX2
*SFR* 0000008FH.5 DATA     BIT       EX3
*SFR* 0000008FH.6 DATA     BIT       EX4
*DEL*:00000000H   CODE     ---       Get_ADCResult
      00FF007DH   CODE     ---       GPIO_config
*DEL*:00000000H   CODE     ---       GPIO_Inilize
*DEL*:00000000H   CODE     ---       HSPWM_Configuration
*SFR* 000000C7H   DATA     BYTE      IAP_CONTR
*SFR* 000000A8H   DATA     BYTE      IE
*SFR* 000000AFH   DATA     BYTE      IE2
*SFR* 0000008FH   DATA     BYTE      INTCLKO
*SFR* 000000B8H   DATA     BYTE      IP
*SFR* 000000B5H   DATA     BYTE      IP2
*SFR* 000000B6H   DATA     BYTE      IP2H
*SFR* 000000DFH   DATA     BYTE      IP3
*SFR* 000000EEH   DATA     BYTE      IP3H
*SFR* 000000B7H   DATA     BYTE      IPH
*SFR* 0000009DH   DATA     BYTE      IRCBAND
*SFR* 000000F9H   DATA     BYTE      LINICR
*SFR* 000000F9H.1 DATA     BIT       LINIE
      00FF0046H   CODE     ---       main
*SFR* 000000E6H.4 DATA     BIT       NIE
*DEL*:00000000H   CODE     ---       NVIC_ADC_Init
*DEL*:00000000H   CODE     ---       NVIC_CAN_Init
*DEL*:00000000H   CODE     ---       NVIC_CMP_Init
*DEL*:00000000H   CODE     ---       NVIC_DMA_ADC_Init
*DEL*:00000000H   CODE     ---       NVIC_DMA_I2CR_Init
*DEL*:00000000H   CODE     ---       NVIC_DMA_I2CT_Init
*DEL*:00000000H   CODE     ---       NVIC_DMA_LCM_Init
*DEL*:00000000H   CODE     ---       NVIC_DMA_M2M_Init
*DEL*:00000000H   CODE     ---       NVIC_DMA_SPI_Init
*DEL*:00000000H   CODE     ---       NVIC_DMA_UART1_Rx_Init
*DEL*:00000000H   CODE     ---       NVIC_DMA_UART1_Tx_Init
*DEL*:00000000H   CODE     ---       NVIC_DMA_UART2_Rx_Init
*DEL*:00000000H   CODE     ---       NVIC_DMA_UART2_Tx_Init
*DEL*:00000000H   CODE     ---       NVIC_DMA_UART3_Rx_Init
*DEL*:00000000H   CODE     ---       NVIC_DMA_UART3_Tx_Init
*DEL*:00000000H   CODE     ---       NVIC_DMA_UART4_Rx_Init
*DEL*:00000000H   CODE     ---       NVIC_DMA_UART4_Tx_Init
*DEL*:00000000H   CODE     ---       NVIC_I2C_Init
*DEL*:00000000H   CODE     ---       NVIC_INT0_Init
*DEL*:00000000H   CODE     ---       NVIC_INT1_Init
L251 LINKER/LOCATER V4.66.93.0                                                        07/17/2024  17:50:13  PAGE 6


*DEL*:00000000H   CODE     ---       NVIC_INT2_Init
*DEL*:00000000H   CODE     ---       NVIC_INT3_Init
*DEL*:00000000H   CODE     ---       NVIC_INT4_Init
*DEL*:00000000H   CODE     ---       NVIC_LCM_Init
*DEL*:00000000H   CODE     ---       NVIC_LIN_Init
      00FF0E30H   CODE     ---       NVIC_PWM_Init
*DEL*:00000000H   CODE     ---       NVIC_RTC_Init
*DEL*:00000000H   CODE     ---       NVIC_SPI_Init
*DEL*:00000000H   CODE     ---       NVIC_Timer0_Init
*DEL*:00000000H   CODE     ---       NVIC_Timer1_Init
*DEL*:00000000H   CODE     ---       NVIC_Timer2_Init
*DEL*:00000000H   CODE     ---       NVIC_Timer3_Init
*DEL*:00000000H   CODE     ---       NVIC_Timer4_Init
      00FF1024H   CODE     ---       NVIC_UART1_Init
*DEL*:00000000H   CODE     ---       NVIC_UART2_Init
*DEL*:00000000H   CODE     ---       NVIC_UART3_Init
*DEL*:00000000H   CODE     ---       NVIC_UART4_Init
*SFR* 00000080H   DATA     BYTE      P0
*SFR* 00000094H   DATA     BYTE      P0M0
*SFR* 00000093H   DATA     BYTE      P0M1
*SFR* 00000090H   DATA     BYTE      P1
*SFR* 00000092H   DATA     BYTE      P1M0
*SFR* 00000091H   DATA     BYTE      P1M1
*SFR* 000000A0H   DATA     BYTE      P2
*SFR* 00000096H   DATA     BYTE      P2M0
*SFR* 00000095H   DATA     BYTE      P2M1
*SFR* 000000B0H   DATA     BYTE      P3
*SFR* 000000B0H.4 DATA     BIT       P34
*SFR* 000000B0H.5 DATA     BIT       P35
*SFR* 000000B2H   DATA     BYTE      P3M0
*SFR* 000000B1H   DATA     BYTE      P3M1
*SFR* 000000C0H   DATA     BYTE      P4
*SFR* 000000B4H   DATA     BYTE      P4M0
*SFR* 000000B3H   DATA     BYTE      P4M1
*SFR* 000000C8H   DATA     BYTE      P5
*SFR* 000000CAH   DATA     BYTE      P5M0
*SFR* 000000C9H   DATA     BYTE      P5M1
*SFR* 000000E8H   DATA     BYTE      P6
*SFR* 000000CCH   DATA     BYTE      P6M0
*SFR* 000000CBH   DATA     BYTE      P6M1
*SFR* 000000F8H   DATA     BYTE      P7
*SFR* 000000E2H   DATA     BYTE      P7M0
*SFR* 000000E1H   DATA     BYTE      P7M1
*SFR* 000000A2H   DATA     BYTE      P_SW1
*SFR* 000000BAH   DATA     BYTE      P_SW2
*SFR* 000000BBH   DATA     BYTE      P_SW3
*SFR* 000000B8H.5 DATA     BIT       PADC
*SFR* 000000B7H.5 DATA     BIT       PADCH
*SFR* 000000F1H.7 DATA     BIT       PCAN2H
*SFR* 000000F1H.4 DATA     BIT       PCAN2L
*SFR* 000000F1H.3 DATA     BIT       PCANH
*SFR* 000000F1H.0 DATA     BIT       PCANL
*SFR* 000000B5H.5 DATA     BIT       PCMP
*SFR* 000000B6H.5 DATA     BIT       PCMPH
*SFR* 00000087H   DATA     BYTE      PCON
*SFR* 000000E6H.5 DATA     BIT       PIE
*SFR* 000000F9H.3 DATA     BIT       PLINH
*SFR* 000000F9H.0 DATA     BIT       PLINL
*SFR* 000000B5H.2 DATA     BIT       PPWMA
*SFR* 000000B6H.2 DATA     BIT       PPWMAH
*SFR* 000000B5H.3 DATA     BIT       PPWMB
*SFR* 000000B6H.3 DATA     BIT       PPWMBH
      00FF0703H   CODE     NEAR LAB  printf
*DEL*:00000000H   CODE     ---       PrintString1
*DEL*:00000000H   CODE     ---       PrintString2
L251 LINKER/LOCATER V4.66.93.0                                                        07/17/2024  17:50:13  PAGE 7


*DEL*:00000000H   CODE     ---       PrintString3
*DEL*:00000000H   CODE     ---       PrintString4
*SFR* 000000DFH.2 DATA     BIT       PRTC
*SFR* 000000EEH.2 DATA     BIT       PRTCH
*SFR* 000000B8H.4 DATA     BIT       PS
*SFR* 000000B5H.0 DATA     BIT       PS2
*SFR* 000000B6H.0 DATA     BIT       PS2H
*SFR* 000000DFH.0 DATA     BIT       PS3
*SFR* 000000EEH.0 DATA     BIT       PS3H
*SFR* 000000DFH.1 DATA     BIT       PS4
*SFR* 000000EEH.1 DATA     BIT       PS4H
*SFR* 000000B7H.4 DATA     BIT       PSH
*SFR* 000000B5H.1 DATA     BIT       PSPI
*SFR* 000000B6H.1 DATA     BIT       PSPIH
*SFR* 000000D0H   DATA     BYTE      PSW
*SFR* 000000B8H.1 DATA     BIT       PT0
*SFR* 000000B7H.1 DATA     BIT       PT0H
*SFR* 000000B8H.3 DATA     BIT       PT1
*SFR* 000000B7H.3 DATA     BIT       PT1H
      00FF10ABH   CODE     ---       putchar
      00000020H.0 BIT      BIT       PWM1_Flag
      00000020H.1 BIT      BIT       PWM2_Flag
      00000020H.2 BIT      BIT       PWM3_Flag
      00000020H.3 BIT      BIT       PWM4_Flag
      00FF0D43H   CODE     ---       PWM_config
      00FF0096H   CODE     ---       PWM_Configuration
      00000008H   EDATA    ---       PWMA_Duty
*SFR* 000000B8H.0 DATA     BIT       PX0
*SFR* 000000B7H.0 DATA     BIT       PX0H
*SFR* 000000B8H.2 DATA     BIT       PX1
*SFR* 000000B7H.2 DATA     BIT       PX1H
*DEL*:00000000H   CODE     ---       ReadPWMA
*DEL*:00000000H   CODE     ---       ReadPWMB
*SFR* 00000098H.4 DATA     BIT       REN
*SFR* 000000DEH.5 DATA     BIT       RESFMT
*SFR* 00000098H.0 DATA     BIT       RI
*SFR* 000000FFH   DATA     BYTE      RSTCFG
      00000035H   EDATA    ---       RX1_Buffer
      000000B5H   EDATA    ---       RX2_Buffer
      00000135H   EDATA    ---       RX3_Buffer
      000001F5H   EDATA    ---       RX4_Buffer
*SFR* 0000008EH.0 DATA     BIT       S1BRT
*SFR* 0000008EH.5 DATA     BIT       S1M0x6
*SFR* 0000009BH   DATA     BYTE      S2BUF
*SFR* 0000009AH   DATA     BYTE      S2CON
*SFR* 0000009AH.4 DATA     BIT       S2REN
*SFR* 0000009AH.0 DATA     BIT       S2RI
*SFR* 0000009AH.1 DATA     BIT       S2TI
*SFR* 000000ADH   DATA     BYTE      S3BUF
*SFR* 000000ACH   DATA     BYTE      S3CON
*SFR* 000000ACH.4 DATA     BIT       S3REN
*SFR* 000000ACH.0 DATA     BIT       S3RI
*SFR* 000000ACH.7 DATA     BIT       S3SM0
*SFR* 000000ACH.6 DATA     BIT       S3ST3
*SFR* 000000ACH.1 DATA     BIT       S3TI
*SFR* 000000FEH   DATA     BYTE      S4BUF
*SFR* 000000FDH   DATA     BYTE      S4CON
*SFR* 000000FDH.4 DATA     BIT       S4REN
*SFR* 000000FDH.0 DATA     BIT       S4RI
*SFR* 000000FDH.7 DATA     BIT       S4SM0
*SFR* 000000FDH.6 DATA     BIT       S4ST4
*SFR* 000000FDH.1 DATA     BIT       S4TI
*SFR* 00000099H   DATA     BYTE      SBUF
*SFR* 00000098H   DATA     BYTE      SCON
*SFR* 00000087H.7 DATA     BIT       SMOD
L251 LINKER/LOCATER V4.66.93.0                                                        07/17/2024  17:50:13  PAGE 8


*SFR* 000000CEH   DATA     BYTE      SPCTL
*SFR* 000000CDH   DATA     BYTE      SPSTAT
*SFR* 00000089H.6 DATA     BIT       T1_CT
*SFR* 0000008EH.6 DATA     BIT       T1x12
*SFR* 0000008EH.3 DATA     BIT       T2_CT
*SFR* 000000D6H   DATA     BYTE      T2H
*SFR* 000000D7H   DATA     BYTE      T2L
*SFR* 0000008EH.4 DATA     BIT       T2R
*SFR* 0000008EH.2 DATA     BIT       T2x12
*SFR* 000000DDH.2 DATA     BIT       T3_CT
*SFR* 000000D4H   DATA     BYTE      T3H
*SFR* 000000D5H   DATA     BYTE      T3L
*SFR* 000000DDH.3 DATA     BIT       T3R
*SFR* 000000DDH.1 DATA     BIT       T3x12
*SFR* 000000DDH.6 DATA     BIT       T4_CT
*SFR* 000000D2H   DATA     BYTE      T4H
*SFR* 000000D3H   DATA     BYTE      T4L
*SFR* 000000DDH.7 DATA     BIT       T4R
*SFR* 000000DDH   DATA     BYTE      T4T3M
*SFR* 000000DDH.5 DATA     BIT       T4x12
*SFR* 00000088H   DATA     BYTE      TCON
*SFR* 0000008DH   DATA     BYTE      TH1
*SFR* 00000098H.1 DATA     BIT       TI
*SFR* 0000008BH   DATA     BYTE      TL1
*SFR* 00000089H   DATA     BYTE      TMOD
*SFR* 00000088H.6 DATA     BIT       TR1
      00000175H   EDATA    ---       TX1_Buffer
      00FF109BH   CODE     ---       TX1_write2buff
      00000235H   EDATA    ---       TX2_Buffer
*DEL*:00000000H   CODE     ---       TX2_write2buff
      000002B5H   EDATA    ---       TX3_Buffer
*DEL*:00000000H   CODE     ---       TX3_write2buff
      000002F5H   EDATA    ---       TX4_Buffer
*DEL*:00000000H   CODE     ---       TX4_write2buff
      00FF0F2FH   CODE     ---       UART1_ISR_Handler
      00FF0EC6H   CODE     ---       UART2_ISR_Handler
      00FF0F94H   CODE     ---       UART3_ISR_Handler
      00FF0FDCH   CODE     ---       UART4_ISR_Handler
      00FF106CH   CODE     ---       UART_config
      00FF0A03H   CODE     ---       UART_Configuration
*DEL*:00000000H   CODE     ---       UpdateHSPwm
*DEL*:00000000H   CODE     ---       UpdatePwm
*SFR* 000000F4H   DATA     BYTE      USBCON
*SFR* 000000C1H   DATA     BYTE      WDT_CONTR
*DEL*:00000000H   CODE     ---       WritePWMA
*DEL*:00000000H   CODE     ---       WritePWMB
*SFR* 000000E9H   DATA     BYTE      WTST



SYMBOL TABLE OF MODULE:  .\Objects\electronic-bamboo-flute (main)

      VALUE       REP       CLASS    TYPE      SYMBOL NAME
      ====================================================
      ---         MODULE    ---      ---       main
      00FF007DH   PUBLIC    CODE     ---       GPIO_config
      00FF106CH   PUBLIC    CODE     ---       UART_config
      00FF0046H   PUBLIC    CODE     ---       main
      00FF0D43H   PUBLIC    CODE     ---       PWM_config
      00000020H.0 PUBLIC    BIT      BIT       PWM1_Flag
      00000020H.1 PUBLIC    BIT      BIT       PWM2_Flag
      00000020H.2 PUBLIC    BIT      BIT       PWM3_Flag
      00000020H.3 PUBLIC    BIT      BIT       PWM4_Flag
      00000008H   PUBLIC    EDATA    ---       PWMA_Duty
      000000D0H   SFRSYM    DATA     BYTE      PSW
L251 LINKER/LOCATER V4.66.93.0                                                        07/17/2024  17:50:13  PAGE 9


      000000BAH.7 SFRSYM    DATA     BIT       EAXFR
      0000009DH   SFRSYM    DATA     BYTE      IRCBAND
      00000097H   SFRSYM    DATA     BYTE      AUXR2
      000000EAH   SFRSYM    DATA     BYTE      CKCON
      000000EFH   SFRSYM    DATA     BYTE      AUXINTIF
      000000FDH   SFRSYM    DATA     BYTE      S4CON
      000000ACH   SFRSYM    DATA     BYTE      S3CON
      0000009AH   SFRSYM    DATA     BYTE      S2CON
      000000B7H   SFRSYM    DATA     BYTE      IPH
      000000CDH   SFRSYM    DATA     BYTE      SPSTAT
      000000DDH   SFRSYM    DATA     BYTE      T4T3M
      000000C1H   SFRSYM    DATA     BYTE      WDT_CONTR
      000000E9H   SFRSYM    DATA     BYTE      WTST
      000000DFH   SFRSYM    DATA     BYTE      IP3
      000000F4H   SFRSYM    DATA     BYTE      USBCON
      000000B5H   SFRSYM    DATA     BYTE      IP2
      000000FFH   SFRSYM    DATA     BYTE      RSTCFG
      000000C7H   SFRSYM    DATA     BYTE      IAP_CONTR
      000000F9H   SFRSYM    DATA     BYTE      LINICR
      0000008EH   SFRSYM    DATA     BYTE      AUXR
      000000AFH   SFRSYM    DATA     BYTE      IE2
      000000B0H.5 SFRSYM    DATA     BIT       P35
      000000B0H.4 SFRSYM    DATA     BIT       P34
      00000088H   SFRSYM    DATA     BYTE      TCON
      00000089H   SFRSYM    DATA     BYTE      TMOD
      00000098H   SFRSYM    DATA     BYTE      SCON
      000000F1H   SFRSYM    DATA     BYTE      CANICR
      00000087H   SFRSYM    DATA     BYTE      PCON
      000000BCH   SFRSYM    DATA     BYTE      ADC_CONTR
      000000E7H   SFRSYM    DATA     BYTE      CMPCR2
      000000E6H   SFRSYM    DATA     BYTE      CMPCR1
      000000DEH   SFRSYM    DATA     BYTE      ADCCFG
      000000B8H   SFRSYM    DATA     BYTE      IP
      0000008FH   SFRSYM    DATA     BYTE      INTCLKO
      000000EEH   SFRSYM    DATA     BYTE      IP3H
      000000B6H   SFRSYM    DATA     BYTE      IP2H
      000000A8H   SFRSYM    DATA     BYTE      IE
      000000BBH   SFRSYM    DATA     BYTE      P_SW3
      000000BAH   SFRSYM    DATA     BYTE      P_SW2
      000000A2H   SFRSYM    DATA     BYTE      P_SW1
      000000CEH   SFRSYM    DATA     BYTE      SPCTL
      000000F8H   SFRSYM    DATA     BYTE      P7
      000000A8H.7 SFRSYM    DATA     BIT       EA
      000000E8H   SFRSYM    DATA     BYTE      P6
      000000C8H   SFRSYM    DATA     BYTE      P5
      000000C0H   SFRSYM    DATA     BYTE      P4
      000000B0H   SFRSYM    DATA     BYTE      P3
      000000A0H   SFRSYM    DATA     BYTE      P2
      000000B1H   SFRSYM    DATA     BYTE      P3M1
      00000090H   SFRSYM    DATA     BYTE      P1
      000000B2H   SFRSYM    DATA     BYTE      P3M0
      00000080H   SFRSYM    DATA     BYTE      P0

      00FF0046H   BLOCK     CODE     ---       LVL=0
      00FF0046H   LINE      CODE     ---       #41
      00FF0046H   LINE      CODE     ---       #43
      00FF0049H   LINE      CODE     ---       #44
      00FF004CH   LINE      CODE     ---       #45
      00FF004FH   LINE      CODE     ---       #47
      00FF0052H   LINE      CODE     ---       #48
      00FF0054H   LINE      CODE     ---       #49
      00FF0057H   LINE      CODE     ---       #50
      00FF005AH   LINE      CODE     ---       #51
      00FF005CH   LINE      CODE     ---       #53
      00FF0067H   LINE      CODE     ---       #55
L251 LINKER/LOCATER V4.66.93.0                                                        07/17/2024  17:50:13  PAGE 10


      00FF0067H   LINE      CODE     ---       #57
      00FF006EH   LINE      CODE     ---       #58
      00FF0070H   LINE      CODE     ---       #59
      00FF007BH   LINE      CODE     ---       #61
      ---         BLOCKEND  ---      ---       LVL=0

      00FF007DH   BLOCK     CODE     ---       LVL=0
      00FF007DH   LINE      CODE     ---       #71
      00FF007DH   LINE      CODE     ---       #73
      00FF0083H   LINE      CODE     ---       #74
      00FF0089H   LINE      CODE     ---       #75
      ---         BLOCKEND  ---      ---       LVL=0

      00FF106CH   BLOCK     CODE     ---       LVL=0
      00000335H   SYMBOL    EDATA    ---       COMx_InitStructure
      00FF106CH   LINE      CODE     ---       #78
      00FF106CH   LINE      CODE     ---       #79
      00FF106CH   LINE      CODE     ---       #81
      00FF1072H   LINE      CODE     ---       #82
      00FF1078H   LINE      CODE     ---       #83
      00FF1084H   LINE      CODE     ---       #84
      00FF1088H   LINE      CODE     ---       #85
      00FF108FH   LINE      CODE     ---       #86
      00FF1097H   LINE      CODE     ---       #88
      00FF109AH   LINE      CODE     ---       #89
      ---         BLOCKEND  ---      ---       LVL=0

      00FF0D43H   BLOCK     CODE     ---       LVL=0
      00000335H   SYMBOL    EDATA    ---       PWMx_InitStructure
      00FF0D43H   LINE      CODE     ---       #92
      00FF0D43H   LINE      CODE     ---       #93
      00FF0D43H   LINE      CODE     ---       #96
      00FF0D4BH   LINE      CODE     ---       #97
      00FF0D53H   LINE      CODE     ---       #98
      00FF0D5BH   LINE      CODE     ---       #99
      00FF0D63H   LINE      CODE     ---       #101
      00FF0D69H   LINE      CODE     ---       #102
      00FF0D71H   LINE      CODE     ---       #103
      00FF0D77H   LINE      CODE     ---       #104
      00FF0D80H   LINE      CODE     ---       #106
      00FF0D86H   LINE      CODE     ---       #107
      00FF0D8EH   LINE      CODE     ---       #108
      00FF0D94H   LINE      CODE     ---       #109
      00FF0D9DH   LINE      CODE     ---       #111
      00FF0DA3H   LINE      CODE     ---       #112
      00FF0DABH   LINE      CODE     ---       #113
      00FF0DB1H   LINE      CODE     ---       #114
      00FF0DBAH   LINE      CODE     ---       #116
      00FF0DC0H   LINE      CODE     ---       #117
      00FF0DC8H   LINE      CODE     ---       #118
      00FF0DCEH   LINE      CODE     ---       #119
      00FF0DD7H   LINE      CODE     ---       #121
      00FF0DDFH   LINE      CODE     ---       #122
      00FF0DE4H   LINE      CODE     ---       #123
      00FF0DEAH   LINE      CODE     ---       #124
      00FF0DEEH   LINE      CODE     ---       #125
      00FF0DF7H   LINE      CODE     ---       #127
      00FF0E09H   LINE      CODE     ---       #128
      00FF0E13H   LINE      CODE     ---       #129
      00FF0E1DH   LINE      CODE     ---       #130
      00FF0E27H   LINE      CODE     ---       #132
      ---         BLOCKEND  ---      ---       LVL=0

      ---         MODULE    ---      ---       STC32G_GPIO
      00000094H   SFRSYM    DATA     BYTE      P0M0
L251 LINKER/LOCATER V4.66.93.0                                                        07/17/2024  17:50:13  PAGE 11


      000000D0H   SFRSYM    DATA     BYTE      PSW
      0000009DH   SFRSYM    DATA     BYTE      IRCBAND
      00000097H   SFRSYM    DATA     BYTE      AUXR2
      000000EFH   SFRSYM    DATA     BYTE      AUXINTIF
      000000FDH   SFRSYM    DATA     BYTE      S4CON
      000000ACH   SFRSYM    DATA     BYTE      S3CON
      0000009AH   SFRSYM    DATA     BYTE      S2CON
      000000B7H   SFRSYM    DATA     BYTE      IPH
      000000CDH   SFRSYM    DATA     BYTE      SPSTAT
      000000DDH   SFRSYM    DATA     BYTE      T4T3M
      000000C1H   SFRSYM    DATA     BYTE      WDT_CONTR
      000000DFH   SFRSYM    DATA     BYTE      IP3
      000000F4H   SFRSYM    DATA     BYTE      USBCON
      000000B5H   SFRSYM    DATA     BYTE      IP2
      000000FFH   SFRSYM    DATA     BYTE      RSTCFG
      000000C7H   SFRSYM    DATA     BYTE      IAP_CONTR
      000000F9H   SFRSYM    DATA     BYTE      LINICR
      0000008EH   SFRSYM    DATA     BYTE      AUXR
      000000AFH   SFRSYM    DATA     BYTE      IE2
      00000088H   SFRSYM    DATA     BYTE      TCON
      00000089H   SFRSYM    DATA     BYTE      TMOD
      00000098H   SFRSYM    DATA     BYTE      SCON
      000000F1H   SFRSYM    DATA     BYTE      CANICR
      00000087H   SFRSYM    DATA     BYTE      PCON
      000000BCH   SFRSYM    DATA     BYTE      ADC_CONTR
      000000E7H   SFRSYM    DATA     BYTE      CMPCR2
      000000E6H   SFRSYM    DATA     BYTE      CMPCR1
      000000DEH   SFRSYM    DATA     BYTE      ADCCFG
      000000B8H   SFRSYM    DATA     BYTE      IP
      0000008FH   SFRSYM    DATA     BYTE      INTCLKO
      000000EEH   SFRSYM    DATA     BYTE      IP3H
      000000B6H   SFRSYM    DATA     BYTE      IP2H
      000000A8H   SFRSYM    DATA     BYTE      IE
      000000BBH   SFRSYM    DATA     BYTE      P_SW3
      000000BAH   SFRSYM    DATA     BYTE      P_SW2
      000000A2H   SFRSYM    DATA     BYTE      P_SW1
      000000CEH   SFRSYM    DATA     BYTE      SPCTL
      000000F8H   SFRSYM    DATA     BYTE      P7
      000000E1H   SFRSYM    DATA     BYTE      P7M1
      000000E8H   SFRSYM    DATA     BYTE      P6
      000000C8H   SFRSYM    DATA     BYTE      P5
      000000CBH   SFRSYM    DATA     BYTE      P6M1
      000000E2H   SFRSYM    DATA     BYTE      P7M0
      000000C0H   SFRSYM    DATA     BYTE      P4
      000000C9H   SFRSYM    DATA     BYTE      P5M1
      000000CCH   SFRSYM    DATA     BYTE      P6M0
      000000B0H   SFRSYM    DATA     BYTE      P3
      000000B3H   SFRSYM    DATA     BYTE      P4M1
      000000CAH   SFRSYM    DATA     BYTE      P5M0
      000000A0H   SFRSYM    DATA     BYTE      P2
      000000B1H   SFRSYM    DATA     BYTE      P3M1
      000000B4H   SFRSYM    DATA     BYTE      P4M0
      00000090H   SFRSYM    DATA     BYTE      P1
      00000095H   SFRSYM    DATA     BYTE      P2M1
      000000B2H   SFRSYM    DATA     BYTE      P3M0
      00000080H   SFRSYM    DATA     BYTE      P0
      00000091H   SFRSYM    DATA     BYTE      P1M1
      00000096H   SFRSYM    DATA     BYTE      P2M0
      00000092H   SFRSYM    DATA     BYTE      P1M0
      00000093H   SFRSYM    DATA     BYTE      P0M1
      R10         REGSYM    ---      BYTE      GPIO
      REG=0       REGSYM    ---      ---       GPIOx

      ---         MODULE    ---      ---       STC32G_Delay
      00FF0003H   PUBLIC    CODE     ---       delay_ms
L251 LINKER/LOCATER V4.66.93.0                                                        07/17/2024  17:50:13  PAGE 12


      000000D0H   SFRSYM    DATA     BYTE      PSW
      0000009DH   SFRSYM    DATA     BYTE      IRCBAND
      00000097H   SFRSYM    DATA     BYTE      AUXR2
      000000EFH   SFRSYM    DATA     BYTE      AUXINTIF
      000000FDH   SFRSYM    DATA     BYTE      S4CON
      000000ACH   SFRSYM    DATA     BYTE      S3CON
      0000009AH   SFRSYM    DATA     BYTE      S2CON
      000000B7H   SFRSYM    DATA     BYTE      IPH
      000000CDH   SFRSYM    DATA     BYTE      SPSTAT
      000000DDH   SFRSYM    DATA     BYTE      T4T3M
      000000C1H   SFRSYM    DATA     BYTE      WDT_CONTR
      000000DFH   SFRSYM    DATA     BYTE      IP3
      000000F4H   SFRSYM    DATA     BYTE      USBCON
      000000B5H   SFRSYM    DATA     BYTE      IP2
      000000FFH   SFRSYM    DATA     BYTE      RSTCFG
      000000C7H   SFRSYM    DATA     BYTE      IAP_CONTR
      000000F9H   SFRSYM    DATA     BYTE      LINICR
      0000008EH   SFRSYM    DATA     BYTE      AUXR
      000000AFH   SFRSYM    DATA     BYTE      IE2
      00000088H   SFRSYM    DATA     BYTE      TCON
      00000089H   SFRSYM    DATA     BYTE      TMOD
      00000098H   SFRSYM    DATA     BYTE      SCON
      000000F1H   SFRSYM    DATA     BYTE      CANICR
      00000087H   SFRSYM    DATA     BYTE      PCON
      000000BCH   SFRSYM    DATA     BYTE      ADC_CONTR
      000000E7H   SFRSYM    DATA     BYTE      CMPCR2
      000000E6H   SFRSYM    DATA     BYTE      CMPCR1
      000000DEH   SFRSYM    DATA     BYTE      ADCCFG
      000000B8H   SFRSYM    DATA     BYTE      IP
      0000008FH   SFRSYM    DATA     BYTE      INTCLKO
      000000EEH   SFRSYM    DATA     BYTE      IP3H
      000000B6H   SFRSYM    DATA     BYTE      IP2H
      000000A8H   SFRSYM    DATA     BYTE      IE
      000000BBH   SFRSYM    DATA     BYTE      P_SW3
      000000BAH   SFRSYM    DATA     BYTE      P_SW2
      000000A2H   SFRSYM    DATA     BYTE      P_SW1
      000000CEH   SFRSYM    DATA     BYTE      SPCTL
      000000F8H   SFRSYM    DATA     BYTE      P7
      000000E8H   SFRSYM    DATA     BYTE      P6
      000000C8H   SFRSYM    DATA     BYTE      P5
      000000C0H   SFRSYM    DATA     BYTE      P4
      000000B0H   SFRSYM    DATA     BYTE      P3
      000000A0H   SFRSYM    DATA     BYTE      P2
      00000090H   SFRSYM    DATA     BYTE      P1
      00000080H   SFRSYM    DATA     BYTE      P0

      00FF0003H   BLOCK     CODE     ---       LVL=0
      WR4         REGSYM    ---      WORD      ms
      00FF0005H   BLOCK     CODE     NEAR LAB  LVL=1
      WR6         REGSYM    ---      WORD      i
      ---         BLOCKEND  ---      ---       LVL=1
      00FF0003H   LINE      CODE     ---       #25
      00FF0005H   LINE      CODE     ---       #26
      00FF0005H   LINE      CODE     ---       #28
      00FF0005H   LINE      CODE     ---       #29
      00FF0009H   LINE      CODE     ---       #30
      00FF0011H   LINE      CODE     ---       #31
      00FF0019H   LINE      CODE     ---       #32
      ---         BLOCKEND  ---      ---       LVL=0

      ---         MODULE    ---      ---       STC32G_UART
      00FF0A03H   PUBLIC    CODE     ---       UART_Configuration
      00FF109BH   PUBLIC    CODE     ---       TX1_write2buff
      00FF10ABH   PUBLIC    CODE     ---       putchar
      00000021H   PUBLIC    EDATA    ---       COM1
L251 LINKER/LOCATER V4.66.93.0                                                        07/17/2024  17:50:13  PAGE 13


      00000026H   PUBLIC    EDATA    ---       COM2
      0000002BH   PUBLIC    EDATA    ---       COM3
      00000030H   PUBLIC    EDATA    ---       COM4
      00000035H   PUBLIC    EDATA    ---       RX1_Buffer
      000000B5H   PUBLIC    EDATA    ---       RX2_Buffer
      00000135H   PUBLIC    EDATA    ---       RX3_Buffer
      00000175H   PUBLIC    EDATA    ---       TX1_Buffer
      000001F5H   PUBLIC    EDATA    ---       RX4_Buffer
      00000235H   PUBLIC    EDATA    ---       TX2_Buffer
      000002B5H   PUBLIC    EDATA    ---       TX3_Buffer
      000002F5H   PUBLIC    EDATA    ---       TX4_Buffer
      0000008EH.3 SFRSYM    DATA     BIT       T2_CT
      00000089H.6 SFRSYM    DATA     BIT       T1_CT
      000000D0H   SFRSYM    DATA     BYTE      PSW
      0000009DH   SFRSYM    DATA     BYTE      IRCBAND
      00000097H   SFRSYM    DATA     BYTE      AUXR2
      0000008EH.0 SFRSYM    DATA     BIT       S1BRT
      000000FDH.4 SFRSYM    DATA     BIT       S4REN
      000000ACH.4 SFRSYM    DATA     BIT       S3REN
      0000009AH.4 SFRSYM    DATA     BIT       S2REN
      000000EFH   SFRSYM    DATA     BYTE      AUXINTIF
      000000FDH   SFRSYM    DATA     BYTE      S4CON
      000000ACH   SFRSYM    DATA     BYTE      S3CON
      0000009AH   SFRSYM    DATA     BYTE      S2CON
      00000098H.4 SFRSYM    DATA     BIT       REN
      000000FEH   SFRSYM    DATA     BYTE      S4BUF
      000000ADH   SFRSYM    DATA     BYTE      S3BUF
      000000DDH.5 SFRSYM    DATA     BIT       T4x12
      0000009BH   SFRSYM    DATA     BYTE      S2BUF
      000000DDH.1 SFRSYM    DATA     BIT       T3x12
      000000FDH.6 SFRSYM    DATA     BIT       S4ST4
      0000008EH.2 SFRSYM    DATA     BIT       T2x12
      0000008EH.6 SFRSYM    DATA     BIT       T1x12
      000000ACH.6 SFRSYM    DATA     BIT       S3ST3
      000000B7H   SFRSYM    DATA     BYTE      IPH
      000000CDH   SFRSYM    DATA     BYTE      SPSTAT
      000000DDH   SFRSYM    DATA     BYTE      T4T3M
      000000DDH.7 SFRSYM    DATA     BIT       T4R
      000000DDH.3 SFRSYM    DATA     BIT       T3R
      0000008EH.4 SFRSYM    DATA     BIT       T2R
      000000C1H   SFRSYM    DATA     BYTE      WDT_CONTR
      000000FDH.7 SFRSYM    DATA     BIT       S4SM0
      00000088H.6 SFRSYM    DATA     BIT       TR1
      000000ACH.7 SFRSYM    DATA     BIT       S3SM0
      000000D3H   SFRSYM    DATA     BYTE      T4L
      000000D5H   SFRSYM    DATA     BYTE      T3L
      000000D7H   SFRSYM    DATA     BYTE      T2L
      0000008BH   SFRSYM    DATA     BYTE      TL1
      000000D2H   SFRSYM    DATA     BYTE      T4H
      000000D4H   SFRSYM    DATA     BYTE      T3H
      000000D6H   SFRSYM    DATA     BYTE      T2H
      0000008DH   SFRSYM    DATA     BYTE      TH1
      000000DFH   SFRSYM    DATA     BYTE      IP3
      000000F4H   SFRSYM    DATA     BYTE      USBCON
      000000B5H   SFRSYM    DATA     BYTE      IP2
      000000FFH   SFRSYM    DATA     BYTE      RSTCFG
      000000C7H   SFRSYM    DATA     BYTE      IAP_CONTR
      000000F9H   SFRSYM    DATA     BYTE      LINICR
      0000008EH   SFRSYM    DATA     BYTE      AUXR
      000000AFH   SFRSYM    DATA     BYTE      IE2
      00000088H   SFRSYM    DATA     BYTE      TCON
      00000089H   SFRSYM    DATA     BYTE      TMOD
      00000087H.7 SFRSYM    DATA     BIT       SMOD
      00000098H   SFRSYM    DATA     BYTE      SCON
      000000F1H   SFRSYM    DATA     BYTE      CANICR
L251 LINKER/LOCATER V4.66.93.0                                                        07/17/2024  17:50:13  PAGE 14


      00000087H   SFRSYM    DATA     BYTE      PCON
      0000008EH.5 SFRSYM    DATA     BIT       S1M0x6
      00000099H   SFRSYM    DATA     BYTE      SBUF
      000000BCH   SFRSYM    DATA     BYTE      ADC_CONTR
      000000E7H   SFRSYM    DATA     BYTE      CMPCR2
      000000E6H   SFRSYM    DATA     BYTE      CMPCR1
      000000DEH   SFRSYM    DATA     BYTE      ADCCFG
      000000B8H   SFRSYM    DATA     BYTE      IP
      0000008FH   SFRSYM    DATA     BYTE      INTCLKO
      000000EEH   SFRSYM    DATA     BYTE      IP3H
      000000B6H   SFRSYM    DATA     BYTE      IP2H
      000000A8H   SFRSYM    DATA     BYTE      IE
      000000BBH   SFRSYM    DATA     BYTE      P_SW3
      000000BAH   SFRSYM    DATA     BYTE      P_SW2
      000000A2H   SFRSYM    DATA     BYTE      P_SW1
      000000CEH   SFRSYM    DATA     BYTE      SPCTL
      000000F8H   SFRSYM    DATA     BYTE      P7
      000000E8H   SFRSYM    DATA     BYTE      P6
      000000C8H   SFRSYM    DATA     BYTE      P5
      000000C0H   SFRSYM    DATA     BYTE      P4
      000000B0H   SFRSYM    DATA     BYTE      P3
      000000A0H   SFRSYM    DATA     BYTE      P2
      00000090H   SFRSYM    DATA     BYTE      P1
      00000080H   SFRSYM    DATA     BYTE      P0
      000000DDH.6 SFRSYM    DATA     BIT       T4_CT
      000000DDH.2 SFRSYM    DATA     BIT       T3_CT

      00FF0A03H   BLOCK     CODE     ---       LVL=0
      R10         REGSYM    ---      BYTE      UARTx
      REG=7       REGSYM    ---      ---       COMx
      00FF0A09H   BLOCK     CODE     NEAR LAB  LVL=1
      WR26        REGSYM    ---      WORD      i
      DR20        REGSYM    ---      DWORD     j
      ---         BLOCKEND  ---      ---       LVL=1
      00FF0A03H   LINE      CODE     ---       #48
      00FF0A09H   LINE      CODE     ---       #49
      00FF0A09H   LINE      CODE     ---       #59
      00FF0A11H   LINE      CODE     ---       #61
      00FF0A16H   LINE      CODE     ---       #62
      00FF0A1AH   LINE      CODE     ---       #63
      00FF0A1EH   LINE      CODE     ---       #64
      00FF0A22H   LINE      CODE     ---       #65
      00FF0A26H   LINE      CODE     ---       #67
      00FF0A35H   LINE      CODE     ---       #68
      00FF0A44H   LINE      CODE     ---       #70
      00FF0A4FH   LINE      CODE     ---       #71
      00FF0A59H   LINE      CODE     ---       #73
      00FF0A6EH   LINE      CODE     ---       #74
      00FF0A7DH   LINE      CODE     ---       #75
      00FF0A81H   LINE      CODE     ---       #76
      00FF0A88H   LINE      CODE     ---       #78
      00FF0A8BH   LINE      CODE     ---       #79
      00FF0A8EH   LINE      CODE     ---       #80
      00FF0A91H   LINE      CODE     ---       #81
      00FF0A94H   LINE      CODE     ---       #82
      00FF0A9AH   LINE      CODE     ---       #83
      00FF0AA0H   LINE      CODE     ---       #84
      00FF0AA3H   LINE      CODE     ---       #85
      00FF0AA5H   LINE      CODE     ---       #88
      00FF0AA7H   LINE      CODE     ---       #89
      00FF0AAAH   LINE      CODE     ---       #90
      00FF0AADH   LINE      CODE     ---       #91
      00FF0AB0H   LINE      CODE     ---       #92
      00FF0AB3H   LINE      CODE     ---       #93
      00FF0AB9H   LINE      CODE     ---       #94
L251 LINKER/LOCATER V4.66.93.0                                                        07/17/2024  17:50:13  PAGE 15


      00FF0ABFH   LINE      CODE     ---       #95
      00FF0AC1H   LINE      CODE     ---       #96
      00FF0AC1H   LINE      CODE     ---       #97
      00FF0AC3H   LINE      CODE     ---       #98
      00FF0AC7H   LINE      CODE     ---       #100
      00FF0AD3H   LINE      CODE     ---       #101
      00FF0AD6H   LINE      CODE     ---       #102
      00FF0AD8H   LINE      CODE     ---       #103
      00FF0ADDH   LINE      CODE     ---       #105
      00FF0AE9H   LINE      CODE     ---       #106
      00FF0AECH   LINE      CODE     ---       #107
      00FF0AECH   LINE      CODE     ---       #108
      00FF0AF8H   LINE      CODE     ---       #110
      00FF0AFCH   LINE      CODE     ---       #111
      00FF0AFCH   LINE      CODE     ---       #114
      00FF0B04H   LINE      CODE     ---       #116
      00FF0B09H   LINE      CODE     ---       #117
      00FF0B0DH   LINE      CODE     ---       #118
      00FF0B11H   LINE      CODE     ---       #119
      00FF0B15H   LINE      CODE     ---       #120
      00FF0B19H   LINE      CODE     ---       #122
      00FF0B28H   LINE      CODE     ---       #123
      00FF0B37H   LINE      CODE     ---       #125
      00FF0B42H   LINE      CODE     ---       #126
      00FF0B4CH   LINE      CODE     ---       #128
      00FF0B61H   LINE      CODE     ---       #129
      00FF0B70H   LINE      CODE     ---       #130
      00FF0B72H   LINE      CODE     ---       #131
      00FF0B75H   LINE      CODE     ---       #132
      00FF0B78H   LINE      CODE     ---       #133
      00FF0B7BH   LINE      CODE     ---       #134
      00FF0B7FH   LINE      CODE     ---       #135
      00FF0B83H   LINE      CODE     ---       #136
      00FF0B86H   LINE      CODE     ---       #137
      00FF0B88H   LINE      CODE     ---       #138
      00FF0B8DH   LINE      CODE     ---       #139
      00FF0B9BH   LINE      CODE     ---       #141
      00FF0B9FH   LINE      CODE     ---       #142
      00FF0B9FH   LINE      CODE     ---       #145
      00FF0BA7H   LINE      CODE     ---       #147
      00FF0BACH   LINE      CODE     ---       #148
      00FF0BB0H   LINE      CODE     ---       #149
      00FF0BB4H   LINE      CODE     ---       #150
      00FF0BB8H   LINE      CODE     ---       #151
      00FF0BBCH   LINE      CODE     ---       #152
      00FF0BCBH   LINE      CODE     ---       #153
      00FF0BDAH   LINE      CODE     ---       #155
      00FF0BE5H   LINE      CODE     ---       #157
      00FF0BEDH   LINE      CODE     ---       #158
      00FF0BF0H   LINE      CODE     ---       #159
      00FF0C05H   LINE      CODE     ---       #160
      00FF0C14H   LINE      CODE     ---       #161
      00FF0C18H   LINE      CODE     ---       #162
      00FF0C1FH   LINE      CODE     ---       #164
      00FF0C22H   LINE      CODE     ---       #165
      00FF0C25H   LINE      CODE     ---       #166
      00FF0C28H   LINE      CODE     ---       #167
      00FF0C2BH   LINE      CODE     ---       #168
      00FF0C31H   LINE      CODE     ---       #169
      00FF0C37H   LINE      CODE     ---       #170
      00FF0C3AH   LINE      CODE     ---       #171
      00FF0C3CH   LINE      CODE     ---       #174
      00FF0C3FH   LINE      CODE     ---       #175
      00FF0C42H   LINE      CODE     ---       #176
      00FF0C48H   LINE      CODE     ---       #177
L251 LINKER/LOCATER V4.66.93.0                                                        07/17/2024  17:50:13  PAGE 16


      00FF0C4EH   LINE      CODE     ---       #178
      00FF0C51H   LINE      CODE     ---       #179
      00FF0C54H   LINE      CODE     ---       #180
      00FF0C57H   LINE      CODE     ---       #181
      00FF0C57H   LINE      CODE     ---       #182
      00FF0C59H   LINE      CODE     ---       #183
      00FF0C5EH   LINE      CODE     ---       #184
      00FF0C6CH   LINE      CODE     ---       #186
      00FF0C70H   LINE      CODE     ---       #187
      00FF0C70H   LINE      CODE     ---       #190
      00FF0C78H   LINE      CODE     ---       #192
      00FF0C7DH   LINE      CODE     ---       #193
      00FF0C81H   LINE      CODE     ---       #194
      00FF0C85H   LINE      CODE     ---       #195
      00FF0C89H   LINE      CODE     ---       #196
      00FF0C8DH   LINE      CODE     ---       #197
      00FF0C9CH   LINE      CODE     ---       #198
      00FF0CABH   LINE      CODE     ---       #200
      00FF0CB6H   LINE      CODE     ---       #202
      00FF0CBEH   LINE      CODE     ---       #203
      00FF0CC1H   LINE      CODE     ---       #204
      00FF0CD6H   LINE      CODE     ---       #205
      00FF0CE4H   LINE      CODE     ---       #206
      00FF0CE8H   LINE      CODE     ---       #207
      00FF0CEFH   LINE      CODE     ---       #209
      00FF0CF2H   LINE      CODE     ---       #210
      00FF0CF5H   LINE      CODE     ---       #211
      00FF0CF8H   LINE      CODE     ---       #212
      00FF0CFBH   LINE      CODE     ---       #213
      00FF0D01H   LINE      CODE     ---       #214
      00FF0D07H   LINE      CODE     ---       #215
      00FF0D0AH   LINE      CODE     ---       #216
      00FF0D0CH   LINE      CODE     ---       #219
      00FF0D0FH   LINE      CODE     ---       #220
      00FF0D12H   LINE      CODE     ---       #221
      00FF0D18H   LINE      CODE     ---       #222
      00FF0D1EH   LINE      CODE     ---       #223
      00FF0D21H   LINE      CODE     ---       #224
      00FF0D24H   LINE      CODE     ---       #225
      00FF0D27H   LINE      CODE     ---       #226
      00FF0D27H   LINE      CODE     ---       #227
      00FF0D29H   LINE      CODE     ---       #228
      00FF0D2DH   LINE      CODE     ---       #229
      00FF0D3BH   LINE      CODE     ---       #231
      00FF0D3EH   LINE      CODE     ---       #232
      00FF0D3EH   LINE      CODE     ---       #234
      00FF0D40H   LINE      CODE     ---       #235
      ---         BLOCKEND  ---      ---       LVL=0

      00FF109BH   BLOCK     CODE     ---       LVL=0
      R11         REGSYM    ---      BYTE      dat
      00FF109BH   LINE      CODE     ---       #241
      00FF109BH   LINE      CODE     ---       #254
      00FF109EH   LINE      CODE     ---       #255
      00FF10A4H   LINE      CODE     ---       #256
      00FF10AAH   LINE      CODE     ---       #258
      ---         BLOCKEND  ---      ---       LVL=0
      REG=3       REGSYM    ---      ---       puts
      R11         REGSYM    ---      BYTE      dat
      REG=3       REGSYM    ---      ---       puts
      R11         REGSYM    ---      BYTE      dat
      REG=3       REGSYM    ---      ---       puts
      R11         REGSYM    ---      BYTE      dat
      REG=3       REGSYM    ---      ---       puts

L251 LINKER/LOCATER V4.66.93.0                                                        07/17/2024  17:50:13  PAGE 17


      00FF10ABH   BLOCK     CODE     ---       LVL=0
      R15         REGSYM    ---      CHAR      c
      00FF10ABH   LINE      CODE     ---       #370
      00FF10AFH   LINE      CODE     ---       #372
      00FF10B2H   LINE      CODE     ---       #373
      00FF10B4H   LINE      CODE     ---       #374
      ---         BLOCKEND  ---      ---       LVL=0

      ---         MODULE    ---      ---       STC32G_UART_Isr
      00FF0F2FH   PUBLIC    CODE     ---       UART1_ISR_Handler
      00FF0EC6H   PUBLIC    CODE     ---       UART2_ISR_Handler
      00FF0F94H   PUBLIC    CODE     ---       UART3_ISR_Handler
      00FF0FDCH   PUBLIC    CODE     ---       UART4_ISR_Handler
      00000020H.4 PUBLIC    BIT      BIT       B_ULinRX1_Flag
      00000020H.5 PUBLIC    BIT      BIT       B_ULinRX2_Flag
      000000D0H   SFRSYM    DATA     BYTE      PSW
      0000009DH   SFRSYM    DATA     BYTE      IRCBAND
      00000097H   SFRSYM    DATA     BYTE      AUXR2
      000000EFH   SFRSYM    DATA     BYTE      AUXINTIF
      000000FDH   SFRSYM    DATA     BYTE      S4CON
      000000ACH   SFRSYM    DATA     BYTE      S3CON
      0000009AH   SFRSYM    DATA     BYTE      S2CON
      000000FEH   SFRSYM    DATA     BYTE      S4BUF
      000000ADH   SFRSYM    DATA     BYTE      S3BUF
      0000009BH   SFRSYM    DATA     BYTE      S2BUF
      000000B7H   SFRSYM    DATA     BYTE      IPH
      000000CDH   SFRSYM    DATA     BYTE      SPSTAT
      000000DDH   SFRSYM    DATA     BYTE      T4T3M
      000000C1H   SFRSYM    DATA     BYTE      WDT_CONTR
      000000DFH   SFRSYM    DATA     BYTE      IP3
      000000F4H   SFRSYM    DATA     BYTE      USBCON
      000000B5H   SFRSYM    DATA     BYTE      IP2
      000000FFH   SFRSYM    DATA     BYTE      RSTCFG
      000000C7H   SFRSYM    DATA     BYTE      IAP_CONTR
      000000F9H   SFRSYM    DATA     BYTE      LINICR
      0000008EH   SFRSYM    DATA     BYTE      AUXR
      000000AFH   SFRSYM    DATA     BYTE      IE2
      00000088H   SFRSYM    DATA     BYTE      TCON
      00000089H   SFRSYM    DATA     BYTE      TMOD
      00000098H   SFRSYM    DATA     BYTE      SCON
      000000F1H   SFRSYM    DATA     BYTE      CANICR
      00000087H   SFRSYM    DATA     BYTE      PCON
      00000099H   SFRSYM    DATA     BYTE      SBUF
      000000BCH   SFRSYM    DATA     BYTE      ADC_CONTR
      000000E7H   SFRSYM    DATA     BYTE      CMPCR2
      000000E6H   SFRSYM    DATA     BYTE      CMPCR1
      000000FDH.1 SFRSYM    DATA     BIT       S4TI
      000000ACH.1 SFRSYM    DATA     BIT       S3TI
      0000009AH.1 SFRSYM    DATA     BIT       S2TI
      000000FDH.0 SFRSYM    DATA     BIT       S4RI
      000000ACH.0 SFRSYM    DATA     BIT       S3RI
      0000009AH.0 SFRSYM    DATA     BIT       S2RI
      00000098H.1 SFRSYM    DATA     BIT       TI
      00000098H.0 SFRSYM    DATA     BIT       RI
      000000DEH   SFRSYM    DATA     BYTE      ADCCFG
      000000B8H   SFRSYM    DATA     BYTE      IP
      0000008FH   SFRSYM    DATA     BYTE      INTCLKO
      000000EEH   SFRSYM    DATA     BYTE      IP3H
      000000B6H   SFRSYM    DATA     BYTE      IP2H
      000000A8H   SFRSYM    DATA     BYTE      IE
      000000BBH   SFRSYM    DATA     BYTE      P_SW3
      000000BAH   SFRSYM    DATA     BYTE      P_SW2
      000000A2H   SFRSYM    DATA     BYTE      P_SW1
      000000CEH   SFRSYM    DATA     BYTE      SPCTL
      000000F8H   SFRSYM    DATA     BYTE      P7
L251 LINKER/LOCATER V4.66.93.0                                                        07/17/2024  17:50:13  PAGE 18


      000000E8H   SFRSYM    DATA     BYTE      P6
      000000C8H   SFRSYM    DATA     BYTE      P5
      000000C0H   SFRSYM    DATA     BYTE      P4
      000000B0H   SFRSYM    DATA     BYTE      P3
      000000A0H   SFRSYM    DATA     BYTE      P2
      00000090H   SFRSYM    DATA     BYTE      P1
      00000080H   SFRSYM    DATA     BYTE      P0

      00FF0F2FH   BLOCK     CODE     ---       LVL=0
      00FF0F35H   BLOCK     CODE     NEAR LAB  LVL=1
      R11         REGSYM    ---      BYTE      Status
      ---         BLOCKEND  ---      ---       LVL=1
      00FF0F2FH   LINE      CODE     ---       #27
      00FF0F35H   LINE      CODE     ---       #28
      00FF0F35H   LINE      CODE     ---       #31
      00FF0F38H   LINE      CODE     ---       #33
      00FF0F3AH   LINE      CODE     ---       #36
      00FF0F45H   LINE      CODE     ---       #37
      00FF0F48H   LINE      CODE     ---       #39
      00FF0F4AH   LINE      CODE     ---       #40
      00FF0F4AH   LINE      CODE     ---       #42
      00FF0F4EH   LINE      CODE     ---       #44
      00FF0F53H   LINE      CODE     ---       #45
      00FF0F53H   LINE      CODE     ---       #46
      00FF0F5BH   LINE      CODE     ---       #49
      00FF0F69H   LINE      CODE     ---       #50
      00FF0F7DH   LINE      CODE     ---       #51
      00FF0F83H   LINE      CODE     ---       #52
      00FF0F83H   LINE      CODE     ---       #54
      00FF0F86H   LINE      CODE     ---       #56
      00FF0F88H   LINE      CODE     ---       #66
      00FF0F8DH   LINE      CODE     ---       #68
      ---         BLOCKEND  ---      ---       LVL=0

      00FF0EC6H   BLOCK     CODE     ---       LVL=0
      00FF0ECCH   BLOCK     CODE     NEAR LAB  LVL=1
      R11         REGSYM    ---      BYTE      Status
      ---         BLOCKEND  ---      ---       LVL=1
      00FF0EC6H   LINE      CODE     ---       #80
      00FF0ECCH   LINE      CODE     ---       #81
      00FF0ECCH   LINE      CODE     ---       #84
      00FF0ED0H   LINE      CODE     ---       #86
      00FF0ED3H   LINE      CODE     ---       #89
      00FF0EDEH   LINE      CODE     ---       #90
      00FF0EE1H   LINE      CODE     ---       #92
      00FF0EE3H   LINE      CODE     ---       #93
      00FF0EE3H   LINE      CODE     ---       #95
      00FF0EE7H   LINE      CODE     ---       #97
      00FF0EECH   LINE      CODE     ---       #98
      00FF0EECH   LINE      CODE     ---       #99
      00FF0EF4H   LINE      CODE     ---       #102
      00FF0F02H   LINE      CODE     ---       #103
      00FF0F16H   LINE      CODE     ---       #104
      00FF0F1CH   LINE      CODE     ---       #105
      00FF0F1CH   LINE      CODE     ---       #107
      00FF0F20H   LINE      CODE     ---       #109
      00FF0F23H   LINE      CODE     ---       #119
      00FF0F28H   LINE      CODE     ---       #121
      ---         BLOCKEND  ---      ---       LVL=0

      00FF0F94H   BLOCK     CODE     ---       LVL=0
      00FF0F94H   LINE      CODE     ---       #133
      00FF0F9AH   LINE      CODE     ---       #135
      00FF0F9EH   LINE      CODE     ---       #137
      00FF0FA1H   LINE      CODE     ---       #139
L251 LINKER/LOCATER V4.66.93.0                                                        07/17/2024  17:50:13  PAGE 19


      00FF0FAFH   LINE      CODE     ---       #140
      00FF0FC3H   LINE      CODE     ---       #141
      00FF0FC9H   LINE      CODE     ---       #142
      00FF0FC9H   LINE      CODE     ---       #144
      00FF0FCDH   LINE      CODE     ---       #146
      00FF0FD0H   LINE      CODE     ---       #156
      00FF0FD5H   LINE      CODE     ---       #158
      ---         BLOCKEND  ---      ---       LVL=0

      00FF0FDCH   BLOCK     CODE     ---       LVL=0
      00FF0FDCH   LINE      CODE     ---       #170
      00FF0FE2H   LINE      CODE     ---       #172
      00FF0FE6H   LINE      CODE     ---       #174
      00FF0FE9H   LINE      CODE     ---       #176
      00FF0FF7H   LINE      CODE     ---       #177
      00FF100BH   LINE      CODE     ---       #178
      00FF1011H   LINE      CODE     ---       #179
      00FF1011H   LINE      CODE     ---       #181
      00FF1015H   LINE      CODE     ---       #183
      00FF1018H   LINE      CODE     ---       #193
      00FF101DH   LINE      CODE     ---       #195
      ---         BLOCKEND  ---      ---       LVL=0

      ---         MODULE    ---      ---       STC32G_NVIC
      00FF1024H   PUBLIC    CODE     ---       NVIC_UART1_Init
      00FF0E30H   PUBLIC    CODE     ---       NVIC_PWM_Init
      000000F9H.3 SFRSYM    DATA     BIT       PLINH
      000000D0H   SFRSYM    DATA     BYTE      PSW
      000000B6H.5 SFRSYM    DATA     BIT       PCMPH
      0000009DH   SFRSYM    DATA     BYTE      IRCBAND
      00000097H   SFRSYM    DATA     BYTE      AUXR2
      000000F9H.1 SFRSYM    DATA     BIT       LINIE
      000000F1H.0 SFRSYM    DATA     BIT       PCANL
      000000B7H.4 SFRSYM    DATA     BIT       PSH
      000000EFH   SFRSYM    DATA     BYTE      AUXINTIF
      000000F1H.3 SFRSYM    DATA     BIT       PCANH
      000000FDH   SFRSYM    DATA     BYTE      S4CON
      000000ACH   SFRSYM    DATA     BYTE      S3CON
      0000009AH   SFRSYM    DATA     BYTE      S2CON
      000000B7H   SFRSYM    DATA     BYTE      IPH
      000000B7H.5 SFRSYM    DATA     BIT       PADCH
      000000CDH   SFRSYM    DATA     BYTE      SPSTAT
      000000F1H.1 SFRSYM    DATA     BIT       CANIE
      000000E6H.5 SFRSYM    DATA     BIT       PIE
      000000DDH   SFRSYM    DATA     BYTE      T4T3M
      000000E6H.4 SFRSYM    DATA     BIT       NIE
      000000B8H.2 SFRSYM    DATA     BIT       PX1
      000000B8H.0 SFRSYM    DATA     BIT       PX0
      000000C1H   SFRSYM    DATA     BYTE      WDT_CONTR
      000000DFH.1 SFRSYM    DATA     BIT       PS4
      000000DFH.0 SFRSYM    DATA     BIT       PS3
      000000B5H.0 SFRSYM    DATA     BIT       PS2
      000000B8H.3 SFRSYM    DATA     BIT       PT1
      000000B8H.1 SFRSYM    DATA     BIT       PT0
      0000008FH.6 SFRSYM    DATA     BIT       EX4
      0000008FH.5 SFRSYM    DATA     BIT       EX3
      000000B6H.3 SFRSYM    DATA     BIT       PPWMBH
      0000008FH.4 SFRSYM    DATA     BIT       EX2
      000000B6H.2 SFRSYM    DATA     BIT       PPWMAH
      000000A8H.2 SFRSYM    DATA     BIT       EX1
      000000A8H.0 SFRSYM    DATA     BIT       EX0
      000000AFH.6 SFRSYM    DATA     BIT       ET4
      000000AFH.5 SFRSYM    DATA     BIT       ET3
      000000AFH.4 SFRSYM    DATA     BIT       ES4
      000000DFH   SFRSYM    DATA     BYTE      IP3
L251 LINKER/LOCATER V4.66.93.0                                                        07/17/2024  17:50:13  PAGE 20


      000000F4H   SFRSYM    DATA     BYTE      USBCON
      000000AFH.3 SFRSYM    DATA     BIT       ES3
      000000AFH.2 SFRSYM    DATA     BIT       ET2
      000000B5H   SFRSYM    DATA     BYTE      IP2
      000000FFH   SFRSYM    DATA     BYTE      RSTCFG
      000000A8H.3 SFRSYM    DATA     BIT       ET1
      000000AFH.0 SFRSYM    DATA     BIT       ES2
      000000A8H.1 SFRSYM    DATA     BIT       ET0
      000000C7H   SFRSYM    DATA     BYTE      IAP_CONTR
      000000F9H   SFRSYM    DATA     BYTE      LINICR
      0000008EH   SFRSYM    DATA     BYTE      AUXR
      000000AFH   SFRSYM    DATA     BYTE      IE2
      000000B5H.1 SFRSYM    DATA     BIT       PSPI
      000000DFH.2 SFRSYM    DATA     BIT       PRTC
      00000088H   SFRSYM    DATA     BYTE      TCON
      00000089H   SFRSYM    DATA     BYTE      TMOD
      00000098H   SFRSYM    DATA     BYTE      SCON
      000000AFH.1 SFRSYM    DATA     BIT       ESPI
      000000F1H   SFRSYM    DATA     BYTE      CANICR
      00000087H   SFRSYM    DATA     BYTE      PCON
      000000B5H.5 SFRSYM    DATA     BIT       PCMP
      000000BCH   SFRSYM    DATA     BYTE      ADC_CONTR
      000000E7H   SFRSYM    DATA     BYTE      CMPCR2
      000000E6H   SFRSYM    DATA     BYTE      CMPCR1
      000000B8H.4 SFRSYM    DATA     BIT       PS
      000000B7H.2 SFRSYM    DATA     BIT       PX1H
      000000F1H.4 SFRSYM    DATA     BIT       PCAN2L
      000000B7H.0 SFRSYM    DATA     BIT       PX0H
      000000EEH.1 SFRSYM    DATA     BIT       PS4H
      000000EEH.0 SFRSYM    DATA     BIT       PS3H
      000000B6H.0 SFRSYM    DATA     BIT       PS2H
      000000B7H.3 SFRSYM    DATA     BIT       PT1H
      000000F1H.7 SFRSYM    DATA     BIT       PCAN2H
      000000B7H.1 SFRSYM    DATA     BIT       PT0H
      000000DEH   SFRSYM    DATA     BYTE      ADCCFG
      000000B8H   SFRSYM    DATA     BYTE      IP
      000000B8H.5 SFRSYM    DATA     BIT       PADC
      000000A8H.4 SFRSYM    DATA     BIT       ES
      0000008FH   SFRSYM    DATA     BYTE      INTCLKO
      000000EEH   SFRSYM    DATA     BYTE      IP3H
      000000B6H   SFRSYM    DATA     BYTE      IP2H
      000000F1H.5 SFRSYM    DATA     BIT       CAN2IE
      000000A8H   SFRSYM    DATA     BYTE      IE
      000000A8H.5 SFRSYM    DATA     BIT       EADC
      000000BBH   SFRSYM    DATA     BYTE      P_SW3
      000000BAH   SFRSYM    DATA     BYTE      P_SW2
      000000A2H   SFRSYM    DATA     BYTE      P_SW1
      000000B5H.3 SFRSYM    DATA     BIT       PPWMB
      000000CEH   SFRSYM    DATA     BYTE      SPCTL
      000000B5H.2 SFRSYM    DATA     BIT       PPWMA
      000000F8H   SFRSYM    DATA     BYTE      P7
      000000B6H.1 SFRSYM    DATA     BIT       PSPIH
      000000E8H   SFRSYM    DATA     BYTE      P6
      000000C8H   SFRSYM    DATA     BYTE      P5
      000000C0H   SFRSYM    DATA     BYTE      P4
      000000B0H   SFRSYM    DATA     BYTE      P3
      000000EEH.2 SFRSYM    DATA     BIT       PRTCH
      000000A0H   SFRSYM    DATA     BYTE      P2
      00000090H   SFRSYM    DATA     BYTE      P1
      000000F9H.0 SFRSYM    DATA     BIT       PLINL
      00000080H   SFRSYM    DATA     BYTE      P0
      R7          REGSYM    ---      BYTE      State
      R6          REGSYM    ---      BYTE      Priority
      R7          REGSYM    ---      BYTE      State
      R6          REGSYM    ---      BYTE      Priority
L251 LINKER/LOCATER V4.66.93.0                                                        07/17/2024  17:50:13  PAGE 21


      R7          REGSYM    ---      BYTE      State
      R7          REGSYM    ---      BYTE      State
      R7          REGSYM    ---      BYTE      State
      R7          REGSYM    ---      BYTE      State
      R6          REGSYM    ---      BYTE      Priority
      R7          REGSYM    ---      BYTE      State
      R6          REGSYM    ---      BYTE      Priority
      R7          REGSYM    ---      BYTE      State
      R7          REGSYM    ---      BYTE      State
      R7          REGSYM    ---      BYTE      State
      R7          REGSYM    ---      BYTE      State
      R6          REGSYM    ---      BYTE      Priority
      R7          REGSYM    ---      BYTE      State
      R10         REGSYM    ---      BYTE      Priority
      R3          REGSYM    ---      BYTE      Mode
      R10         REGSYM    ---      BYTE      State
      R2          REGSYM    ---      BYTE      Priority

      00FF1024H   BLOCK     CODE     ---       LVL=0
      R7          REGSYM    ---      BYTE      State
      R6          REGSYM    ---      BYTE      Priority
      00FF1024H   LINE      CODE     ---       #232
      00FF1028H   LINE      CODE     ---       #234
      00FF103CH   LINE      CODE     ---       #235
      00FF106AH   LINE      CODE     ---       #236
      00FF106BH   LINE      CODE     ---       #237
      ---         BLOCKEND  ---      ---       LVL=0
      R7          REGSYM    ---      BYTE      State
      R6          REGSYM    ---      BYTE      Priority
      R7          REGSYM    ---      BYTE      State
      R6          REGSYM    ---      BYTE      Priority
      R7          REGSYM    ---      BYTE      State
      R6          REGSYM    ---      BYTE      Priority
      R7          REGSYM    ---      BYTE      State
      R6          REGSYM    ---      BYTE      Priority
      R3          REGSYM    ---      BYTE      State
      R10         REGSYM    ---      BYTE      Priority

      00FF0E30H   BLOCK     CODE     ---       LVL=0
      R6          REGSYM    ---      BYTE      Channel
      R3          REGSYM    ---      BYTE      State
      R2          REGSYM    ---      BYTE      Priority
      00FF0E30H   LINE      CODE     ---       #329
      00FF0E36H   LINE      CODE     ---       #331
      00FF0E3EH   LINE      CODE     ---       #332
      00FF0E46H   LINE      CODE     ---       #333
      00FF0E4FH   LINE      CODE     ---       #335
      00FF0E4FH   LINE      CODE     ---       #336
      00FF0E5AH   LINE      CODE     ---       #337
      00FF0E82H   LINE      CODE     ---       #338
      00FF0E84H   LINE      CODE     ---       #340
      00FF0E84H   LINE      CODE     ---       #341
      00FF0E8FH   LINE      CODE     ---       #342
      00FF0EB7H   LINE      CODE     ---       #343
      00FF0EB9H   LINE      CODE     ---       #345
      00FF0EB9H   LINE      CODE     ---       #346
      00FF0EC4H   LINE      CODE     ---       #347
      00FF0EC4H   LINE      CODE     ---       #348
      00FF0EC4H   LINE      CODE     ---       #349
      00FF0EC4H   LINE      CODE     ---       #350
      00FF0EC5H   LINE      CODE     ---       #351
      ---         BLOCKEND  ---      ---       LVL=0
      R9          REGSYM    ---      BYTE      State
      R3          REGSYM    ---      BYTE      Priority
      R10         REGSYM    ---      BYTE      Bus_Priority
L251 LINKER/LOCATER V4.66.93.0                                                        07/17/2024  17:50:13  PAGE 22


      R9          REGSYM    ---      BYTE      State
      R3          REGSYM    ---      BYTE      Priority
      R10         REGSYM    ---      BYTE      Bus_Priority
      R9          REGSYM    ---      BYTE      State
      R3          REGSYM    ---      BYTE      Priority
      R10         REGSYM    ---      BYTE      Bus_Priority
      R9          REGSYM    ---      BYTE      State
      R3          REGSYM    ---      BYTE      Priority
      R10         REGSYM    ---      BYTE      Bus_Priority
      R9          REGSYM    ---      BYTE      State
      R3          REGSYM    ---      BYTE      Priority
      R10         REGSYM    ---      BYTE      Bus_Priority
      R9          REGSYM    ---      BYTE      State
      R3          REGSYM    ---      BYTE      Priority
      R10         REGSYM    ---      BYTE      Bus_Priority
      R9          REGSYM    ---      BYTE      State
      R3          REGSYM    ---      BYTE      Priority
      R10         REGSYM    ---      BYTE      Bus_Priority
      R9          REGSYM    ---      BYTE      State
      R3          REGSYM    ---      BYTE      Priority
      R10         REGSYM    ---      BYTE      Bus_Priority
      R9          REGSYM    ---      BYTE      State
      R3          REGSYM    ---      BYTE      Priority
      R10         REGSYM    ---      BYTE      Bus_Priority
      R9          REGSYM    ---      BYTE      State
      R3          REGSYM    ---      BYTE      Priority
      R10         REGSYM    ---      BYTE      Bus_Priority
      R9          REGSYM    ---      BYTE      State
      R3          REGSYM    ---      BYTE      Priority
      R10         REGSYM    ---      BYTE      Bus_Priority
      R9          REGSYM    ---      BYTE      State
      R3          REGSYM    ---      BYTE      Priority
      R10         REGSYM    ---      BYTE      Bus_Priority
      R9          REGSYM    ---      BYTE      State
      R10         REGSYM    ---      BYTE      Priority
      R9          REGSYM    ---      BYTE      State
      R3          REGSYM    ---      BYTE      Priority
      R10         REGSYM    ---      BYTE      Bus_Priority
      R9          REGSYM    ---      BYTE      State
      R3          REGSYM    ---      BYTE      Priority
      R10         REGSYM    ---      BYTE      Bus_Priority
      R11         REGSYM    ---      BYTE      Channel
      R10         REGSYM    ---      BYTE      State
      R6          REGSYM    ---      BYTE      Priority
      R7          REGSYM    ---      BYTE      State
      R6          REGSYM    ---      BYTE      Priority

      ---         MODULE    ---      ---       STC32G_ADC
      000000D0H   SFRSYM    DATA     BYTE      PSW
      0000009DH   SFRSYM    DATA     BYTE      IRCBAND
      00000097H   SFRSYM    DATA     BYTE      AUXR2
      000000EFH   SFRSYM    DATA     BYTE      AUXINTIF
      000000FDH   SFRSYM    DATA     BYTE      S4CON
      000000ACH   SFRSYM    DATA     BYTE      S3CON
      0000009AH   SFRSYM    DATA     BYTE      S2CON
      000000B7H   SFRSYM    DATA     BYTE      IPH
      000000CDH   SFRSYM    DATA     BYTE      SPSTAT
      000000BEH   SFRSYM    DATA     BYTE      ADC_RESL
      000000DDH   SFRSYM    DATA     BYTE      T4T3M
      000000C1H   SFRSYM    DATA     BYTE      WDT_CONTR
      000000DEH.5 SFRSYM    DATA     BIT       RESFMT
      000000DFH   SFRSYM    DATA     BYTE      IP3
      000000F4H   SFRSYM    DATA     BYTE      USBCON
      000000B5H   SFRSYM    DATA     BYTE      IP2
      000000FFH   SFRSYM    DATA     BYTE      RSTCFG
L251 LINKER/LOCATER V4.66.93.0                                                        07/17/2024  17:50:13  PAGE 23


      000000BCH.5 SFRSYM    DATA     BIT       ADC_FLAG
      000000C7H   SFRSYM    DATA     BYTE      IAP_CONTR
      000000F9H   SFRSYM    DATA     BYTE      LINICR
      0000008EH   SFRSYM    DATA     BYTE      AUXR
      000000AFH   SFRSYM    DATA     BYTE      IE2
      000000BCH.6 SFRSYM    DATA     BIT       ADC_START
      000000BCH.7 SFRSYM    DATA     BIT       ADC_POWER
      00000088H   SFRSYM    DATA     BYTE      TCON
      00000089H   SFRSYM    DATA     BYTE      TMOD
      00000098H   SFRSYM    DATA     BYTE      SCON
      000000F1H   SFRSYM    DATA     BYTE      CANICR
      00000087H   SFRSYM    DATA     BYTE      PCON
      000000BCH   SFRSYM    DATA     BYTE      ADC_CONTR
      000000E7H   SFRSYM    DATA     BYTE      CMPCR2
      000000E6H   SFRSYM    DATA     BYTE      CMPCR1
      000000DEH   SFRSYM    DATA     BYTE      ADCCFG
      000000B8H   SFRSYM    DATA     BYTE      IP
      0000008FH   SFRSYM    DATA     BYTE      INTCLKO
      000000EEH   SFRSYM    DATA     BYTE      IP3H
      000000B6H   SFRSYM    DATA     BYTE      IP2H
      000000BDH   SFRSYM    DATA     BYTE      ADC_RES
      000000A8H   SFRSYM    DATA     BYTE      IE
      000000BBH   SFRSYM    DATA     BYTE      P_SW3
      000000BAH   SFRSYM    DATA     BYTE      P_SW2
      000000A2H   SFRSYM    DATA     BYTE      P_SW1
      000000CEH   SFRSYM    DATA     BYTE      SPCTL
      000000F8H   SFRSYM    DATA     BYTE      P7
      000000E8H   SFRSYM    DATA     BYTE      P6
      000000C8H   SFRSYM    DATA     BYTE      P5
      000000C0H   SFRSYM    DATA     BYTE      P4
      000000B0H   SFRSYM    DATA     BYTE      P3
      000000A0H   SFRSYM    DATA     BYTE      P2
      00000090H   SFRSYM    DATA     BYTE      P1
      00000080H   SFRSYM    DATA     BYTE      P0
      REG=7       REGSYM    ---      ---       ADCx
      R7          REGSYM    ---      BYTE      pwr
      R10         REGSYM    ---      BYTE      channel
      WR8         REGSYM    ---      WORD      adc
      R7          REGSYM    ---      BYTE      i

      ---         MODULE    ---      ---       STC32G_PWM
      00FF0096H   PUBLIC    CODE     ---       PWM_Configuration
      000000D0H   SFRSYM    DATA     BYTE      PSW
      0000009DH   SFRSYM    DATA     BYTE      IRCBAND
      00000097H   SFRSYM    DATA     BYTE      AUXR2
      000000EFH   SFRSYM    DATA     BYTE      AUXINTIF
      000000FDH   SFRSYM    DATA     BYTE      S4CON
      000000ACH   SFRSYM    DATA     BYTE      S3CON
      0000009AH   SFRSYM    DATA     BYTE      S2CON
      000000B7H   SFRSYM    DATA     BYTE      IPH
      000000CDH   SFRSYM    DATA     BYTE      SPSTAT
      000000DDH   SFRSYM    DATA     BYTE      T4T3M
      000000C1H   SFRSYM    DATA     BYTE      WDT_CONTR
      000000DFH   SFRSYM    DATA     BYTE      IP3
      000000F4H   SFRSYM    DATA     BYTE      USBCON
      000000B5H   SFRSYM    DATA     BYTE      IP2
      000000FFH   SFRSYM    DATA     BYTE      RSTCFG
      000000C7H   SFRSYM    DATA     BYTE      IAP_CONTR
      000000F9H   SFRSYM    DATA     BYTE      LINICR
      0000008EH   SFRSYM    DATA     BYTE      AUXR
      000000AFH   SFRSYM    DATA     BYTE      IE2
      00000088H   SFRSYM    DATA     BYTE      TCON
      00000089H   SFRSYM    DATA     BYTE      TMOD
      00000098H   SFRSYM    DATA     BYTE      SCON
      000000F1H   SFRSYM    DATA     BYTE      CANICR
L251 LINKER/LOCATER V4.66.93.0                                                        07/17/2024  17:50:13  PAGE 24


      00000087H   SFRSYM    DATA     BYTE      PCON
      000000BCH   SFRSYM    DATA     BYTE      ADC_CONTR
      000000E7H   SFRSYM    DATA     BYTE      CMPCR2
      000000E6H   SFRSYM    DATA     BYTE      CMPCR1
      000000DEH   SFRSYM    DATA     BYTE      ADCCFG
      000000B8H   SFRSYM    DATA     BYTE      IP
      0000008FH   SFRSYM    DATA     BYTE      INTCLKO
      000000EEH   SFRSYM    DATA     BYTE      IP3H
      000000B6H   SFRSYM    DATA     BYTE      IP2H
      000000A8H   SFRSYM    DATA     BYTE      IE
      000000BBH   SFRSYM    DATA     BYTE      P_SW3
      000000BAH   SFRSYM    DATA     BYTE      P_SW2
      000000A2H   SFRSYM    DATA     BYTE      P_SW1
      000000CEH   SFRSYM    DATA     BYTE      SPCTL
      000000F8H   SFRSYM    DATA     BYTE      P7
      000000E8H   SFRSYM    DATA     BYTE      P6
      000000C8H   SFRSYM    DATA     BYTE      P5
      000000C0H   SFRSYM    DATA     BYTE      P4
      000000B0H   SFRSYM    DATA     BYTE      P3
      000000A0H   SFRSYM    DATA     BYTE      P2
      00000090H   SFRSYM    DATA     BYTE      P1
      00000080H   SFRSYM    DATA     BYTE      P0

      00FF0096H   BLOCK     CODE     ---       LVL=0
      R7          REGSYM    ---      BYTE      PWM
      REG=7       REGSYM    ---      ---       PWMx
      00FF0096H   LINE      CODE     ---       #23
      00FF009AH   LINE      CODE     ---       #25
      00FF00A3H   LINE      CODE     ---       #27
      00FF00B3H   LINE      CODE     ---       #28
      00FF00BBH   LINE      CODE     ---       #29
      00FF00CBH   LINE      CODE     ---       #30
      00FF00D9H   LINE      CODE     ---       #32
      00FF00E2H   LINE      CODE     ---       #34
      00FF00EAH   LINE      CODE     ---       #35
      00FF00F7H   LINE      CODE     ---       #36
      00FF00F9H   LINE      CODE     ---       #39
      00FF0101H   LINE      CODE     ---       #40
      00FF0111H   LINE      CODE     ---       #41
      00FF0111H   LINE      CODE     ---       #42
      00FF0116H   LINE      CODE     ---       #44
      00FF011EH   LINE      CODE     ---       #45
      00FF012EH   LINE      CODE     ---       #46
      00FF0130H   LINE      CODE     ---       #49
      00FF0138H   LINE      CODE     ---       #50
      00FF0148H   LINE      CODE     ---       #51
      00FF0148H   LINE      CODE     ---       #53
      00FF015BH   LINE      CODE     ---       #54
      00FF015EH   LINE      CODE     ---       #55
      00FF015EH   LINE      CODE     ---       #57
      00FF0167H   LINE      CODE     ---       #59
      00FF0177H   LINE      CODE     ---       #60
      00FF017FH   LINE      CODE     ---       #61
      00FF018FH   LINE      CODE     ---       #62
      00FF019DH   LINE      CODE     ---       #64
      00FF01A6H   LINE      CODE     ---       #66
      00FF01AEH   LINE      CODE     ---       #67
      00FF01BBH   LINE      CODE     ---       #68
      00FF01BDH   LINE      CODE     ---       #71
      00FF01C5H   LINE      CODE     ---       #72
      00FF01D5H   LINE      CODE     ---       #73
      00FF01D5H   LINE      CODE     ---       #74
      00FF01DAH   LINE      CODE     ---       #76
      00FF01E2H   LINE      CODE     ---       #77
      00FF01F2H   LINE      CODE     ---       #78
L251 LINKER/LOCATER V4.66.93.0                                                        07/17/2024  17:50:13  PAGE 25


      00FF01F4H   LINE      CODE     ---       #81
      00FF01FCH   LINE      CODE     ---       #82
      00FF020CH   LINE      CODE     ---       #83
      00FF020CH   LINE      CODE     ---       #85
      00FF021FH   LINE      CODE     ---       #86
      00FF0222H   LINE      CODE     ---       #87
      00FF0222H   LINE      CODE     ---       #89
      00FF022BH   LINE      CODE     ---       #91
      00FF023BH   LINE      CODE     ---       #92
      00FF0243H   LINE      CODE     ---       #93
      00FF0253H   LINE      CODE     ---       #94
      00FF0261H   LINE      CODE     ---       #96
      00FF026AH   LINE      CODE     ---       #98
      00FF0272H   LINE      CODE     ---       #99
      00FF027FH   LINE      CODE     ---       #100
      00FF0281H   LINE      CODE     ---       #103
      00FF0289H   LINE      CODE     ---       #104
      00FF0299H   LINE      CODE     ---       #105
      00FF0299H   LINE      CODE     ---       #106
      00FF029EH   LINE      CODE     ---       #108
      00FF02A6H   LINE      CODE     ---       #109
      00FF02B6H   LINE      CODE     ---       #110
      00FF02B8H   LINE      CODE     ---       #113
      00FF02C0H   LINE      CODE     ---       #114
      00FF02D0H   LINE      CODE     ---       #115
      00FF02D0H   LINE      CODE     ---       #117
      00FF02E3H   LINE      CODE     ---       #118
      00FF02E6H   LINE      CODE     ---       #119
      00FF02E6H   LINE      CODE     ---       #121
      00FF02EFH   LINE      CODE     ---       #123
      00FF02FFH   LINE      CODE     ---       #124
      00FF0307H   LINE      CODE     ---       #125
      00FF0317H   LINE      CODE     ---       #126
      00FF0325H   LINE      CODE     ---       #128
      00FF032EH   LINE      CODE     ---       #130
      00FF0336H   LINE      CODE     ---       #131
      00FF0343H   LINE      CODE     ---       #132
      00FF0345H   LINE      CODE     ---       #135
      00FF034DH   LINE      CODE     ---       #136
      00FF035DH   LINE      CODE     ---       #137
      00FF035DH   LINE      CODE     ---       #138
      00FF0362H   LINE      CODE     ---       #140
      00FF036AH   LINE      CODE     ---       #141
      00FF037AH   LINE      CODE     ---       #142
      00FF037CH   LINE      CODE     ---       #145
      00FF0384H   LINE      CODE     ---       #146
      00FF0394H   LINE      CODE     ---       #147
      00FF0394H   LINE      CODE     ---       #149
      00FF03A7H   LINE      CODE     ---       #150
      00FF03AAH   LINE      CODE     ---       #151
      00FF03AAH   LINE      CODE     ---       #153
      00FF03AEH   LINE      CODE     ---       #160
      00FF03BDH   LINE      CODE     ---       #161
      00FF03CFH   LINE      CODE     ---       #162
      00FF03F5H   LINE      CODE     ---       #163
      00FF0419H   LINE      CODE     ---       #164
      00FF041CH   LINE      CODE     ---       #165
      00FF041CH   LINE      CODE     ---       #167
      00FF0425H   LINE      CODE     ---       #169
      00FF0435H   LINE      CODE     ---       #170
      00FF0445H   LINE      CODE     ---       #171
      00FF0453H   LINE      CODE     ---       #173
      00FF045AH   LINE      CODE     ---       #175
      00FF0462H   LINE      CODE     ---       #176
      00FF0472H   LINE      CODE     ---       #177
L251 LINKER/LOCATER V4.66.93.0                                                        07/17/2024  17:50:13  PAGE 26


      00FF0474H   LINE      CODE     ---       #180
      00FF047CH   LINE      CODE     ---       #181
      00FF048CH   LINE      CODE     ---       #182
      00FF048CH   LINE      CODE     ---       #184
      00FF049FH   LINE      CODE     ---       #185
      00FF04A2H   LINE      CODE     ---       #186
      00FF04A2H   LINE      CODE     ---       #188
      00FF04ABH   LINE      CODE     ---       #190
      00FF04BBH   LINE      CODE     ---       #191
      00FF04CBH   LINE      CODE     ---       #192
      00FF04D9H   LINE      CODE     ---       #194
      00FF04E0H   LINE      CODE     ---       #196
      00FF04E8H   LINE      CODE     ---       #197
      00FF04F8H   LINE      CODE     ---       #198
      00FF04FAH   LINE      CODE     ---       #201
      00FF0502H   LINE      CODE     ---       #202
      00FF0512H   LINE      CODE     ---       #203
      00FF0512H   LINE      CODE     ---       #205
      00FF0525H   LINE      CODE     ---       #206
      00FF0528H   LINE      CODE     ---       #207
      00FF0528H   LINE      CODE     ---       #209
      00FF0531H   LINE      CODE     ---       #211
      00FF0541H   LINE      CODE     ---       #212
      00FF0551H   LINE      CODE     ---       #213
      00FF055FH   LINE      CODE     ---       #215
      00FF0566H   LINE      CODE     ---       #217
      00FF056EH   LINE      CODE     ---       #218
      00FF057EH   LINE      CODE     ---       #219
      00FF0580H   LINE      CODE     ---       #222
      00FF0588H   LINE      CODE     ---       #223
      00FF0598H   LINE      CODE     ---       #224
      00FF0598H   LINE      CODE     ---       #226
      00FF05ABH   LINE      CODE     ---       #227
      00FF05AEH   LINE      CODE     ---       #228
      00FF05AEH   LINE      CODE     ---       #230
      00FF05B7H   LINE      CODE     ---       #232
      00FF05C7H   LINE      CODE     ---       #233
      00FF05D7H   LINE      CODE     ---       #234
      00FF05E5H   LINE      CODE     ---       #236
      00FF05ECH   LINE      CODE     ---       #238
      00FF05F4H   LINE      CODE     ---       #239
      00FF0604H   LINE      CODE     ---       #240
      00FF0606H   LINE      CODE     ---       #243
      00FF060EH   LINE      CODE     ---       #244
      00FF061EH   LINE      CODE     ---       #245
      00FF061EH   LINE      CODE     ---       #247
      00FF0638H   LINE      CODE     ---       #248
      00FF063AH   LINE      CODE     ---       #249
      00FF063AH   LINE      CODE     ---       #251
      00FF063EH   LINE      CODE     ---       #258
      00FF064DH   LINE      CODE     ---       #259
      00FF065FH   LINE      CODE     ---       #260
      00FF0685H   LINE      CODE     ---       #261
      00FF06ABH   LINE      CODE     ---       #262
      00FF06ADH   LINE      CODE     ---       #263
      00FF06ADH   LINE      CODE     ---       #265
      00FF06AFH   LINE      CODE     ---       #266
      ---         BLOCKEND  ---      ---       LVL=0
      R11         REGSYM    ---      BYTE      PWM
      REG=7       REGSYM    ---      ---       PWMx
      R10         REGSYM    ---      BYTE      addr
      R11         REGSYM    ---      BYTE      dat
      R10         REGSYM    ---      BYTE      addr
      R11         REGSYM    ---      BYTE      dat
      R2          REGSYM    ---      BYTE      addr
L251 LINKER/LOCATER V4.66.93.0                                                        07/17/2024  17:50:13  PAGE 27


      R10         REGSYM    ---      BYTE      dat
      R2          REGSYM    ---      BYTE      addr
      R10         REGSYM    ---      BYTE      dat
      R7          REGSYM    ---      BYTE      PWM
      REG=3       REGSYM    ---      ---       PWMx
      R11         REGSYM    ---      BYTE      PWM
      REG=3       REGSYM    ---      ---       PWMx

      ---         MODULE    ---      ---       ?C_START
      00FF0000H   PUBLIC    CODE     ---       ?C?STARTUP
      00FF0000H   PUBLIC    CODE     ---       ?C_STARTUP

      ---         MODULE    ---      ---       ?C?ULDIV
      00FF06B2H   PUBLIC    CODE     NEAR LAB  ?C?ULDIV
      00FF06B0H   PUBLIC    CODE     NEAR LAB  ?C?ULIDIV

      ---         MODULE    ---      ---       PRINTF
      0000035DH   PUBLIC    EDATA    ---       ?PRINTF?BYTE
      00FF0703H   PUBLIC    CODE     NEAR LAB  PRINTF

      ---         MODULE    ---      ---       ?C?PRNFMT
      00FF075CH   PUBLIC    CODE     ---       ?C?PRNFMT

Program Size: data=8.6 edata+hdata=1100 xdata=0 const=40 code=4257
L251 RUN COMPLETE.  0 WARNING(S),  0 ERROR(S)
