C251 COMPILER V5.60.0,  main                                                               17/07/24  11:29:30  PAGE 1   


C251 COMPILER V5.60.0, COMPILATION OF MODULE main
OBJECT MODULE PLACED IN .\Objects\main.obj
COMPILER INVOKED BY: D:\Keil_v5\C251\BIN\C251.EXE usr\main.c XSMALL INTR2 BROWSE DEBUG PRINT(.\Listings\main.lst) OBJECT
                    -(.\Objects\main.obj) 

stmt  level    source

    1          /*---------------------------------------------------------------------*/
    2          /* --- STC MCU Limited ------------------------------------------------*/
    3          /* --- STC 1T Series MCU Demo Programme -------------------------------*/
    4          /* --- Mobile: (86)13922805190 ----------------------------------------*/
    5          /* --- Fax: 86-0513-55012956,55012947,55012969 ------------------------*/
    6          /* --- Tel: 86-0513-55012928,55012929,55012966 ------------------------*/
    7          /* --- Web: www.STCAI.com ---------------------------------------------*/
    8          /* --- Web: www.STCMCUDATA.com  ---------------------------------------*/
    9          /* --- BBS: www.STCAIMCU.com  -----------------------------------------*/
   10          /* --- QQ:  800003751 -------------------------------------------------*/
   11          /* 如果要在程序中使用此代码,请在程序中注明使用了STC的资料及程序            */
   12          /*---------------------------------------------------------------------*/
   13          
   14          #include        "\..\library\config.h"
   15          #include        "\..\library\STC32G_GPIO.h"
   16          #include        "\..\library\STC32G_Delay.h"
   17          
   18          /***************        功能说明        ****************
   19          
   20          程序使用P6口来演示跑马灯。
   21          
   22          下载时, 选择时钟 24MHz (可以在配置文件"config.h"中修改).
   23          
   24          ******************************************/
   25          
   26          //========================================================================
   27          //                               本地常量声明   
   28          //========================================================================
   29          
   30          u8 code ledNum[]={0x01,0x02,0x04,0x08,0x10,0x20,0x40,0x80};
   31          
   32          //========================================================================
   33          //                               本地变量声明
   34          //========================================================================
   35          
   36          u8 ledIndex;
   37          
   38          //========================================================================
   39          // 函数: GPIO_config
   40          // 描述: 用户初始化程序.
   41          // 参数: None.
   42          // 返回: None.
   43          // 版本: V1.0, 2020-09-28
   44          //========================================================================
   45          void GPIO_config(void)
   46          {
   47   1              P4_MODE_IO_PU(GPIO_Pin_0);                      //P4.0设置为准双向口
   48   1              P6_MODE_IO_PU(GPIO_Pin_All);            //P6 设置为准双向口
   49   1      }
   50          
   51          //========================================================================
   52          // 函数: main
   53          // 描述: 用户应用程序.
   54          // 参数: None.
   55          // 返回: None.
   56          // 版本: V1.0, 2020-09-23
   57          //========================================================================
   58          void main(void)
C251 COMPILER V5.60.0,  main                                                               17/07/24  11:29:30  PAGE 2   

   59          {
   60   1              WTST = 0;               //设置程序指令延时参数，赋值为0可将CPU执行指令的速度设置为最快
   61   1              EAXSFR();               //扩展SFR(XFR)访问使能 
   62   1              CKCON = 0;      //提高访问XRAM速度
   63   1      
   64   1              GPIO_config();
   65   1              P40 = 0;                //打开实验板LED电源
   66   1              
   67   1              while(1)
   68   1              {
   69   2                      delay_ms(250);
   70   2                      P6 = ~ledNum[ledIndex]; //输出低驱动
   71   2                      ledIndex++;
   72   2                      if(ledIndex > 7)
   73   2                      {
   74   3                              ledIndex = 0;
   75   3                      }
   76   2              }
   77   1      }
   78          
   79          
   80          
   81          


Module Information          Static   Overlayable
------------------------------------------------
  code size            =        87     ------
  ecode size           =    ------     ------
  data size            =    ------     ------
  idata size           =    ------     ------
  pdata size           =    ------     ------
  xdata size           =    ------     ------
  xdata-const size     =    ------     ------
  edata size           =         1     ------
  bit size             =    ------     ------
  ebit size            =    ------     ------
  bitaddressable size  =    ------     ------
  ebitaddressable size =    ------     ------
  far data size        =    ------     ------
  huge data size       =    ------     ------
  const size           =    ------     ------
  hconst size          =    ------     ------
End of Module Information.


C251 COMPILATION COMPLETE.  0 WARNING(S),  0 ERROR(S)
